Archive member included to satisfy reference by file (symbol)

.\CortexM3\ARM_GCC_541\Debug\PWMmoteur.a(CyLib.o)
                              .\CortexM3\ARM_GCC_541\Debug\Cm3Start.o (CyHalt)
.\CortexM3\ARM_GCC_541\Debug\PWMmoteur.a(cyPm.o)
                              .\CortexM3\ARM_GCC_541\Debug\PWMmoteur.a(CyLib.o) (CyPmReadStatus)
.\CortexM3\ARM_GCC_541\Debug\PWMmoteur.a(PWM_all.o)
                              .\CortexM3\ARM_GCC_541\Debug\main.o (PWM_all_WriteCompare1)
.\CortexM3\ARM_GCC_541\Debug\PWMmoteur.a(ADC_Pot.o)
                              .\CortexM3\ARM_GCC_541\Debug\main.o (ADC_Pot_Start)
.\CortexM3\ARM_GCC_541\Debug\PWMmoteur.a(ADC_Pot_INT.o)
                              .\CortexM3\ARM_GCC_541\Debug\PWMmoteur.a(ADC_Pot.o) (ADC_Pot_ISR)
.\CortexM3\ARM_GCC_541\Debug\PWMmoteur.a(ADC_Pot_theACLK.o)
                              .\CortexM3\ARM_GCC_541\Debug\PWMmoteur.a(ADC_Pot.o) (ADC_Pot_theACLK_SetModeRegister)
.\CortexM3\ARM_GCC_541\Debug\PWMmoteur.a(Wheel_Modes.o)
                              .\CortexM3\ARM_GCC_541\Debug\main.o (Wheel_Modes_Write)
.\CortexM3\ARM_GCC_541\Debug\PWMmoteur.a(CyBootAsmGnu.o)
                              .\CortexM3\ARM_GCC_541\Debug\cyfitter_cfg.o (CyDelayCycles)
.\CortexM3\ARM_GCC_541\Debug\PWMmoteur.a(CyFlash.o)
                              .\CortexM3\ARM_GCC_541\Debug\PWMmoteur.a(cyPm.o) (CyFlash_SetWaitCycles)
.\CortexM3\ARM_GCC_541\Debug\PWMmoteur.a(CySpc.o)
                              .\CortexM3\ARM_GCC_541\Debug\PWMmoteur.a(CyFlash.o) (CySpcStart)
c:/program files (x86)/cypress/psoc creator/4.4/psoc creator/import/gnu/arm/5.4.1/bin/../lib/gcc/arm-none-eabi/5.4.1/armv7-m\libgcc.a(_arm_addsubsf3.o)
                              .\CortexM3\ARM_GCC_541\Debug\PWMmoteur.a(ADC_Pot.o) (__aeabi_i2f)
c:/program files (x86)/cypress/psoc creator/4.4/psoc creator/import/gnu/arm/5.4.1/bin/../lib/gcc/arm-none-eabi/5.4.1/armv7-m\libgcc.a(_arm_muldivsf3.o)
                              .\CortexM3\ARM_GCC_541\Debug\PWMmoteur.a(ADC_Pot.o) (__aeabi_fmul)
c:/program files (x86)/cypress/psoc creator/4.4/psoc creator/import/gnu/arm/5.4.1/bin/../lib/gcc/arm-none-eabi/5.4.1/armv7-m\libgcc.a(_aeabi_ldivmod.o)
                              .\CortexM3\ARM_GCC_541\Debug\PWMmoteur.a(ADC_Pot.o) (__aeabi_ldivmod)
c:/program files (x86)/cypress/psoc creator/4.4/psoc creator/import/gnu/arm/5.4.1/bin/../lib/gcc/arm-none-eabi/5.4.1/armv7-m\libgcc.a(_udivmoddi4.o)
                              c:/program files (x86)/cypress/psoc creator/4.4/psoc creator/import/gnu/arm/5.4.1/bin/../lib/gcc/arm-none-eabi/5.4.1/armv7-m\libgcc.a(_aeabi_ldivmod.o) (__udivmoddi4)
c:/program files (x86)/cypress/psoc creator/4.4/psoc creator/import/gnu/arm/5.4.1/bin/../lib/gcc/arm-none-eabi/5.4.1/armv7-m\libgcc.a(_dvmd_tls.o)
                              c:/program files (x86)/cypress/psoc creator/4.4/psoc creator/import/gnu/arm/5.4.1/bin/../lib/gcc/arm-none-eabi/5.4.1/armv7-m\libgcc.a(_aeabi_ldivmod.o) (__aeabi_ldiv0)
c:/program files (x86)/cypress/psoc creator/4.4/psoc creator/import/gnu/arm/5.4.1/bin/../lib/gcc/arm-none-eabi/5.4.1/../../../../arm-none-eabi/lib/armv7-m\libg_nano.a(lib_a-errno.o)
                              .\CortexM3\ARM_GCC_541\Debug\Cm3Start.o (__errno)
c:/program files (x86)/cypress/psoc creator/4.4/psoc creator/import/gnu/arm/5.4.1/bin/../lib/gcc/arm-none-eabi/5.4.1/../../../../arm-none-eabi/lib/armv7-m\libg_nano.a(lib_a-exit.o)
                              c:/program files (x86)/cypress/psoc creator/4.4/psoc creator/import/gnu/arm/5.4.1/bin/../lib/gcc/arm-none-eabi/5.4.1/../../../../arm-none-eabi/lib/armv7-m/crt0.o (exit)
c:/program files (x86)/cypress/psoc creator/4.4/psoc creator/import/gnu/arm/5.4.1/bin/../lib/gcc/arm-none-eabi/5.4.1/../../../../arm-none-eabi/lib/armv7-m\libg_nano.a(lib_a-impure.o)
                              c:/program files (x86)/cypress/psoc creator/4.4/psoc creator/import/gnu/arm/5.4.1/bin/../lib/gcc/arm-none-eabi/5.4.1/../../../../arm-none-eabi/lib/armv7-m\libg_nano.a(lib_a-exit.o) (_global_impure_ptr)
c:/program files (x86)/cypress/psoc creator/4.4/psoc creator/import/gnu/arm/5.4.1/bin/../lib/gcc/arm-none-eabi/5.4.1/../../../../arm-none-eabi/lib/armv7-m\libg_nano.a(lib_a-init.o)
                              c:/program files (x86)/cypress/psoc creator/4.4/psoc creator/import/gnu/arm/5.4.1/bin/../lib/gcc/arm-none-eabi/5.4.1/../../../../arm-none-eabi/lib/armv7-m/crt0.o (__libc_init_array)
c:/program files (x86)/cypress/psoc creator/4.4/psoc creator/import/gnu/arm/5.4.1/bin/../lib/gcc/arm-none-eabi/5.4.1/../../../../arm-none-eabi/lib/armv7-m\libg_nano.a(lib_a-memcpy-stub.o)
                              .\CortexM3\ARM_GCC_541\Debug\cyfitter_cfg.o (memcpy)
c:/program files (x86)/cypress/psoc creator/4.4/psoc creator/import/gnu/arm/5.4.1/bin/../lib/gcc/arm-none-eabi/5.4.1/../../../../arm-none-eabi/lib/armv7-m\libg_nano.a(lib_a-memset.o)
                              c:/program files (x86)/cypress/psoc creator/4.4/psoc creator/import/gnu/arm/5.4.1/bin/../lib/gcc/arm-none-eabi/5.4.1/../../../../arm-none-eabi/lib/armv7-m/crt0.o (memset)

Allocating common symbols
Common symbol       size              file

ADC_Pot_countsPerVolt
                    0x2               .\CortexM3\ARM_GCC_541\Debug\PWMmoteur.a(ADC_Pot.o)
ADC_Pot_offset      0x2               .\CortexM3\ARM_GCC_541\Debug\PWMmoteur.a(ADC_Pot.o)
ADC_Pot_countsPer10Volt
                    0x4               .\CortexM3\ARM_GCC_541\Debug\PWMmoteur.a(ADC_Pot.o)
ADC_Pot_shift       0x2               .\CortexM3\ARM_GCC_541\Debug\PWMmoteur.a(ADC_Pot.o)
dieTemperature      0x2               .\CortexM3\ARM_GCC_541\Debug\PWMmoteur.a(CyFlash.o)

Discarded input sections

 .text          0x00000000        0x0 c:/program files (x86)/cypress/psoc creator/4.4/psoc creator/import/gnu/arm/5.4.1/bin/../lib/gcc/arm-none-eabi/5.4.1/armv7-m/crti.o
 .data          0x00000000        0x0 c:/program files (x86)/cypress/psoc creator/4.4/psoc creator/import/gnu/arm/5.4.1/bin/../lib/gcc/arm-none-eabi/5.4.1/armv7-m/crti.o
 .bss           0x00000000        0x0 c:/program files (x86)/cypress/psoc creator/4.4/psoc creator/import/gnu/arm/5.4.1/bin/../lib/gcc/arm-none-eabi/5.4.1/armv7-m/crti.o
 .data          0x00000000        0x4 c:/program files (x86)/cypress/psoc creator/4.4/psoc creator/import/gnu/arm/5.4.1/bin/../lib/gcc/arm-none-eabi/5.4.1/armv7-m/crtbegin.o
 .text          0x00000000       0x74 c:/program files (x86)/cypress/psoc creator/4.4/psoc creator/import/gnu/arm/5.4.1/bin/../lib/gcc/arm-none-eabi/5.4.1/../../../../arm-none-eabi/lib/armv7-m/crt0.o
 .data          0x00000000        0x0 c:/program files (x86)/cypress/psoc creator/4.4/psoc creator/import/gnu/arm/5.4.1/bin/../lib/gcc/arm-none-eabi/5.4.1/../../../../arm-none-eabi/lib/armv7-m/crt0.o
 .bss           0x00000000        0x0 c:/program files (x86)/cypress/psoc creator/4.4/psoc creator/import/gnu/arm/5.4.1/bin/../lib/gcc/arm-none-eabi/5.4.1/../../../../arm-none-eabi/lib/armv7-m/crt0.o
 .ARM.extab     0x00000000        0x0 c:/program files (x86)/cypress/psoc creator/4.4/psoc creator/import/gnu/arm/5.4.1/bin/../lib/gcc/arm-none-eabi/5.4.1/../../../../arm-none-eabi/lib/armv7-m/crt0.o
 .ARM.exidx     0x00000000        0x8 c:/program files (x86)/cypress/psoc creator/4.4/psoc creator/import/gnu/arm/5.4.1/bin/../lib/gcc/arm-none-eabi/5.4.1/../../../../arm-none-eabi/lib/armv7-m/crt0.o
 .text          0x00000000        0x0 .\CortexM3\ARM_GCC_541\Debug\main.o
 .data          0x00000000        0x0 .\CortexM3\ARM_GCC_541\Debug\main.o
 .bss           0x00000000        0x0 .\CortexM3\ARM_GCC_541\Debug\main.o
 .text.Spin_Right
                0x00000000       0x1c .\CortexM3\ARM_GCC_541\Debug\main.o
 .text.Spin_Left
                0x00000000       0x1c .\CortexM3\ARM_GCC_541\Debug\main.o
 .text.Backward
                0x00000000       0x1c .\CortexM3\ARM_GCC_541\Debug\main.o
 .text.ForwardRight
                0x00000000       0x24 .\CortexM3\ARM_GCC_541\Debug\main.o
 .text.ForwardLeft
                0x00000000       0x24 .\CortexM3\ARM_GCC_541\Debug\main.o
 .text.BackwardRight
                0x00000000       0x24 .\CortexM3\ARM_GCC_541\Debug\main.o
 .text.BackwardLeft
                0x00000000       0x24 .\CortexM3\ARM_GCC_541\Debug\main.o
 .text          0x00000000        0x0 .\CortexM3\ARM_GCC_541\Debug\cyfitter_cfg.o
 .data          0x00000000        0x0 .\CortexM3\ARM_GCC_541\Debug\cyfitter_cfg.o
 .bss           0x00000000        0x0 .\CortexM3\ARM_GCC_541\Debug\cyfitter_cfg.o
 .text.SetAnalogRoutingPumps
                0x00000000       0x1c .\CortexM3\ARM_GCC_541\Debug\cyfitter_cfg.o
 .text          0x00000000        0x0 .\CortexM3\ARM_GCC_541\Debug\cymetadata.o
 .data          0x00000000        0x0 .\CortexM3\ARM_GCC_541\Debug\cymetadata.o
 .bss           0x00000000        0x0 .\CortexM3\ARM_GCC_541\Debug\cymetadata.o
 .text          0x00000000        0x0 .\CortexM3\ARM_GCC_541\Debug\Cm3Start.o
 .data          0x00000000        0x4 .\CortexM3\ARM_GCC_541\Debug\Cm3Start.o
 .bss           0x00000000        0x0 .\CortexM3\ARM_GCC_541\Debug\Cm3Start.o
 .text._exit    0x00000000        0xc .\CortexM3\ARM_GCC_541\Debug\Cm3Start.o
 .text._sbrk    0x00000000       0x30 .\CortexM3\ARM_GCC_541\Debug\Cm3Start.o
 .text          0x00000000        0x0 .\CortexM3\ARM_GCC_541\Debug\PWMmoteur.a(CyLib.o)
 .bss           0x00000000       0x1c .\CortexM3\ARM_GCC_541\Debug\PWMmoteur.a(CyLib.o)
 .text.CyUSB_PowerOnCheck
                0x00000000       0x48 .\CortexM3\ARM_GCC_541\Debug\PWMmoteur.a(CyLib.o)
 .text.CyBusClk_Internal_SetDivider
                0x00000000       0x48 .\CortexM3\ARM_GCC_541\Debug\PWMmoteur.a(CyLib.o)
 .text.CyPLL_OUT_Stop
                0x00000000       0x10 .\CortexM3\ARM_GCC_541\Debug\PWMmoteur.a(CyLib.o)
 .text.CyIMO_Stop
                0x00000000       0x1c .\CortexM3\ARM_GCC_541\Debug\PWMmoteur.a(CyLib.o)
 .text.CyIMO_EnableDoubler
                0x00000000       0x10 .\CortexM3\ARM_GCC_541\Debug\PWMmoteur.a(CyLib.o)
 .text.CyIMO_DisableDoubler
                0x00000000       0x10 .\CortexM3\ARM_GCC_541\Debug\PWMmoteur.a(CyLib.o)
 .text.CyMasterClk_SetSource
                0x00000000       0x18 .\CortexM3\ARM_GCC_541\Debug\PWMmoteur.a(CyLib.o)
 .text.CyMasterClk_SetDivider
                0x00000000        0xc .\CortexM3\ARM_GCC_541\Debug\PWMmoteur.a(CyLib.o)
 .text.CyBusClk_SetDivider
                0x00000000       0x70 .\CortexM3\ARM_GCC_541\Debug\PWMmoteur.a(CyLib.o)
 .text.CyUsbClk_SetSource
                0x00000000       0x18 .\CortexM3\ARM_GCC_541\Debug\PWMmoteur.a(CyLib.o)
 .text.CyILO_Start1K
                0x00000000       0x10 .\CortexM3\ARM_GCC_541\Debug\PWMmoteur.a(CyLib.o)
 .text.CyILO_Stop1K
                0x00000000       0x10 .\CortexM3\ARM_GCC_541\Debug\PWMmoteur.a(CyLib.o)
 .text.CyILO_Start100K
                0x00000000       0x10 .\CortexM3\ARM_GCC_541\Debug\PWMmoteur.a(CyLib.o)
 .text.CyILO_Stop100K
                0x00000000       0x10 .\CortexM3\ARM_GCC_541\Debug\PWMmoteur.a(CyLib.o)
 .text.CyPLL_OUT_Start
                0x00000000       0x78 .\CortexM3\ARM_GCC_541\Debug\PWMmoteur.a(CyLib.o)
 .text.CyIMO_Start
                0x00000000       0x60 .\CortexM3\ARM_GCC_541\Debug\PWMmoteur.a(CyLib.o)
 .text.CyILO_Enable33K
                0x00000000       0x10 .\CortexM3\ARM_GCC_541\Debug\PWMmoteur.a(CyLib.o)
 .text.CyILO_Disable33K
                0x00000000       0x10 .\CortexM3\ARM_GCC_541\Debug\PWMmoteur.a(CyLib.o)
 .text.CyILO_SetSource
                0x00000000       0x18 .\CortexM3\ARM_GCC_541\Debug\PWMmoteur.a(CyLib.o)
 .text.CyILO_SetPowerMode
                0x00000000       0x24 .\CortexM3\ARM_GCC_541\Debug\PWMmoteur.a(CyLib.o)
 .text.CyXTAL_32KHZ_Stop
                0x00000000       0x30 .\CortexM3\ARM_GCC_541\Debug\PWMmoteur.a(CyLib.o)
 .text.CyXTAL_32KHZ_ReadStatus
                0x00000000       0x10 .\CortexM3\ARM_GCC_541\Debug\PWMmoteur.a(CyLib.o)
 .text.CyXTAL_Start
                0x00000000       0xac .\CortexM3\ARM_GCC_541\Debug\PWMmoteur.a(CyLib.o)
 .text.CyXTAL_Stop
                0x00000000       0x10 .\CortexM3\ARM_GCC_541\Debug\PWMmoteur.a(CyLib.o)
 .text.CyXTAL_EnableErrStatus
                0x00000000       0x10 .\CortexM3\ARM_GCC_541\Debug\PWMmoteur.a(CyLib.o)
 .text.CyXTAL_DisableErrStatus
                0x00000000       0x10 .\CortexM3\ARM_GCC_541\Debug\PWMmoteur.a(CyLib.o)
 .text.CyXTAL_ReadStatus
                0x00000000       0x18 .\CortexM3\ARM_GCC_541\Debug\PWMmoteur.a(CyLib.o)
 .text.CyXTAL_EnableFaultRecovery
                0x00000000       0x10 .\CortexM3\ARM_GCC_541\Debug\PWMmoteur.a(CyLib.o)
 .text.CyXTAL_DisableFaultRecovery
                0x00000000       0x10 .\CortexM3\ARM_GCC_541\Debug\PWMmoteur.a(CyLib.o)
 .text.CyXTAL_SetStartup
                0x00000000       0x18 .\CortexM3\ARM_GCC_541\Debug\PWMmoteur.a(CyLib.o)
 .text.CyXTAL_SetFbVoltage
                0x00000000       0x18 .\CortexM3\ARM_GCC_541\Debug\PWMmoteur.a(CyLib.o)
 .text.CyXTAL_SetWdVoltage
                0x00000000       0x18 .\CortexM3\ARM_GCC_541\Debug\PWMmoteur.a(CyLib.o)
 .text.CyPLL_OUT_SetPQ
                0x00000000       0x60 .\CortexM3\ARM_GCC_541\Debug\PWMmoteur.a(CyLib.o)
 .text.CyPLL_OUT_SetSource
                0x00000000       0x34 .\CortexM3\ARM_GCC_541\Debug\PWMmoteur.a(CyLib.o)
 .text.CyIMO_SetTrimValue
                0x00000000       0xcc .\CortexM3\ARM_GCC_541\Debug\PWMmoteur.a(CyLib.o)
 .text.CyIMO_SetFreq
                0x00000000       0xf4 .\CortexM3\ARM_GCC_541\Debug\PWMmoteur.a(CyLib.o)
 .text.CyIMO_SetSource
                0x00000000       0x58 .\CortexM3\ARM_GCC_541\Debug\PWMmoteur.a(CyLib.o)
 .text.CySoftwareReset
                0x00000000       0x10 .\CortexM3\ARM_GCC_541\Debug\PWMmoteur.a(CyLib.o)
 .text.CyDelay  0x00000000       0x2c .\CortexM3\ARM_GCC_541\Debug\PWMmoteur.a(CyLib.o)
 .text.CyXTAL_32KHZ_SetPowerMode
                0x00000000       0x84 .\CortexM3\ARM_GCC_541\Debug\PWMmoteur.a(CyLib.o)
 .text.CyXTAL_32KHZ_Start
                0x00000000       0x74 .\CortexM3\ARM_GCC_541\Debug\PWMmoteur.a(CyLib.o)
 .text.CyDelayFreq
                0x00000000       0x4c .\CortexM3\ARM_GCC_541\Debug\PWMmoteur.a(CyLib.o)
 .text.CyWdtStart
                0x00000000       0x40 .\CortexM3\ARM_GCC_541\Debug\PWMmoteur.a(CyLib.o)
 .text.CyWdtClear
                0x00000000        0xc .\CortexM3\ARM_GCC_541\Debug\PWMmoteur.a(CyLib.o)
 .text.CyVdStickyStatus
                0x00000000       0x2c .\CortexM3\ARM_GCC_541\Debug\PWMmoteur.a(CyLib.o)
 .text.CyVdLvDigitEnable
                0x00000000       0x84 .\CortexM3\ARM_GCC_541\Debug\PWMmoteur.a(CyLib.o)
 .text.CyVdLvAnalogEnable
                0x00000000       0x80 .\CortexM3\ARM_GCC_541\Debug\PWMmoteur.a(CyLib.o)
 .text.CyVdLvDigitDisable
                0x00000000       0x30 .\CortexM3\ARM_GCC_541\Debug\PWMmoteur.a(CyLib.o)
 .text.CyVdLvAnalogDisable
                0x00000000       0x28 .\CortexM3\ARM_GCC_541\Debug\PWMmoteur.a(CyLib.o)
 .text.CyVdHvAnalogEnable
                0x00000000       0x54 .\CortexM3\ARM_GCC_541\Debug\PWMmoteur.a(CyLib.o)
 .text.CyVdHvAnalogDisable
                0x00000000       0x20 .\CortexM3\ARM_GCC_541\Debug\PWMmoteur.a(CyLib.o)
 .text.CyVdRealTimeStatus
                0x00000000       0x1c .\CortexM3\ARM_GCC_541\Debug\PWMmoteur.a(CyLib.o)
 .text.CyDisableInts
                0x00000000       0x1c .\CortexM3\ARM_GCC_541\Debug\PWMmoteur.a(CyLib.o)
 .text.CyEnableInts
                0x00000000       0x18 .\CortexM3\ARM_GCC_541\Debug\PWMmoteur.a(CyLib.o)
 .text.CyFlushCache
                0x00000000       0x44 .\CortexM3\ARM_GCC_541\Debug\PWMmoteur.a(CyLib.o)
 .text.CyIntSetSysVector
                0x00000000       0x28 .\CortexM3\ARM_GCC_541\Debug\PWMmoteur.a(CyLib.o)
 .text.CyIntGetSysVector
                0x00000000       0x20 .\CortexM3\ARM_GCC_541\Debug\PWMmoteur.a(CyLib.o)
 .text.CyIntGetVector
                0x00000000       0x24 .\CortexM3\ARM_GCC_541\Debug\PWMmoteur.a(CyLib.o)
 .text.CyIntGetPriority
                0x00000000       0x20 .\CortexM3\ARM_GCC_541\Debug\PWMmoteur.a(CyLib.o)
 .text.CyIntGetState
                0x00000000       0x24 .\CortexM3\ARM_GCC_541\Debug\PWMmoteur.a(CyLib.o)
 .text.CySysTickStop
                0x00000000       0x10 .\CortexM3\ARM_GCC_541\Debug\PWMmoteur.a(CyLib.o)
 .text.CySysTickEnableInterrupt
                0x00000000       0x10 .\CortexM3\ARM_GCC_541\Debug\PWMmoteur.a(CyLib.o)
 .text.CySysTickEnable
                0x00000000       0x18 .\CortexM3\ARM_GCC_541\Debug\PWMmoteur.a(CyLib.o)
 .text.CySysTickDisableInterrupt
                0x00000000       0x10 .\CortexM3\ARM_GCC_541\Debug\PWMmoteur.a(CyLib.o)
 .text.CySysTickSetReload
                0x00000000       0x10 .\CortexM3\ARM_GCC_541\Debug\PWMmoteur.a(CyLib.o)
 .text.CySysTickGetReload
                0x00000000       0x10 .\CortexM3\ARM_GCC_541\Debug\PWMmoteur.a(CyLib.o)
 .text.CySysTickGetValue
                0x00000000       0x10 .\CortexM3\ARM_GCC_541\Debug\PWMmoteur.a(CyLib.o)
 .text.CySysTickSetClockSource
                0x00000000       0x20 .\CortexM3\ARM_GCC_541\Debug\PWMmoteur.a(CyLib.o)
 .text.CySysTickGetClockSource
                0x00000000       0x10 .\CortexM3\ARM_GCC_541\Debug\PWMmoteur.a(CyLib.o)
 .text.CySysTickGetCountFlag
                0x00000000       0x10 .\CortexM3\ARM_GCC_541\Debug\PWMmoteur.a(CyLib.o)
 .text.CySysTickServiceCallbacks
                0x00000000       0x28 .\CortexM3\ARM_GCC_541\Debug\PWMmoteur.a(CyLib.o)
 .text.CySysTickClear
                0x00000000        0xc .\CortexM3\ARM_GCC_541\Debug\PWMmoteur.a(CyLib.o)
 .text.CySysTickInit
                0x00000000       0x58 .\CortexM3\ARM_GCC_541\Debug\PWMmoteur.a(CyLib.o)
 .text.CySysTickStart
                0x00000000       0x1c .\CortexM3\ARM_GCC_541\Debug\PWMmoteur.a(CyLib.o)
 .text.CySysTickSetCallback
                0x00000000       0x10 .\CortexM3\ARM_GCC_541\Debug\PWMmoteur.a(CyLib.o)
 .text.CySysTickGetCallback
                0x00000000       0x10 .\CortexM3\ARM_GCC_541\Debug\PWMmoteur.a(CyLib.o)
 .text.CyGetUniqueId
                0x00000000       0x70 .\CortexM3\ARM_GCC_541\Debug\PWMmoteur.a(CyLib.o)
 .text          0x00000000        0x0 .\CortexM3\ARM_GCC_541\Debug\PWMmoteur.a(cyPm.o)
 .data          0x00000000        0x0 .\CortexM3\ARM_GCC_541\Debug\PWMmoteur.a(cyPm.o)
 .bss           0x00000000       0x43 .\CortexM3\ARM_GCC_541\Debug\PWMmoteur.a(cyPm.o)
 .text.CyPmHibSlpSaveSet
                0x00000000      0x1dc .\CortexM3\ARM_GCC_541\Debug\PWMmoteur.a(cyPm.o)
 .text.CyPmHibSlpRestore
                0x00000000       0xd8 .\CortexM3\ARM_GCC_541\Debug\PWMmoteur.a(cyPm.o)
 .text.CyPmHviLviSaveDisable
                0x00000000       0xa0 .\CortexM3\ARM_GCC_541\Debug\PWMmoteur.a(cyPm.o)
 .text.CyPmHibSaveSet
                0x00000000       0x98 .\CortexM3\ARM_GCC_541\Debug\PWMmoteur.a(cyPm.o)
 .text.CyPmHviLviRestore
                0x00000000       0x48 .\CortexM3\ARM_GCC_541\Debug\PWMmoteur.a(cyPm.o)
 .text.CyPmHibRestore
                0x00000000       0x60 .\CortexM3\ARM_GCC_541\Debug\PWMmoteur.a(cyPm.o)
 .text.CyPmSaveClocks
                0x00000000      0x218 .\CortexM3\ARM_GCC_541\Debug\PWMmoteur.a(cyPm.o)
 .text.CyPmRestoreClocks
                0x00000000      0x24c .\CortexM3\ARM_GCC_541\Debug\PWMmoteur.a(cyPm.o)
 .text.CyPmAltAct
                0x00000000       0x6c .\CortexM3\ARM_GCC_541\Debug\PWMmoteur.a(cyPm.o)
 .text.CyPmSleep
                0x00000000       0xf4 .\CortexM3\ARM_GCC_541\Debug\PWMmoteur.a(cyPm.o)
 .text.CyPmHibernateEx
                0x00000000       0xf4 .\CortexM3\ARM_GCC_541\Debug\PWMmoteur.a(cyPm.o)
 .text.CyPmHibernate
                0x00000000        0xc .\CortexM3\ARM_GCC_541\Debug\PWMmoteur.a(cyPm.o)
 .text.CyPmReadStatus
                0x00000000       0x30 .\CortexM3\ARM_GCC_541\Debug\PWMmoteur.a(cyPm.o)
 .text.CyPmCtwSetInterval
                0x00000000       0x5c .\CortexM3\ARM_GCC_541\Debug\PWMmoteur.a(cyPm.o)
 .text.CyPmOppsSet
                0x00000000       0x2c .\CortexM3\ARM_GCC_541\Debug\PWMmoteur.a(cyPm.o)
 .text.CyPmFtwSetInterval
                0x00000000       0x5c .\CortexM3\ARM_GCC_541\Debug\PWMmoteur.a(cyPm.o)
 .rodata        0x00000000        0xf .\CortexM3\ARM_GCC_541\Debug\PWMmoteur.a(cyPm.o)
 .text          0x00000000        0x0 .\CortexM3\ARM_GCC_541\Debug\PWMmoteur.a(PWM_all.o)
 .data          0x00000000        0x0 .\CortexM3\ARM_GCC_541\Debug\PWMmoteur.a(PWM_all.o)
 .text.PWM_all_Stop
                0x00000000       0x10 .\CortexM3\ARM_GCC_541\Debug\PWMmoteur.a(PWM_all.o)
 .text.PWM_all_ReadCounter
                0x00000000       0x14 .\CortexM3\ARM_GCC_541\Debug\PWMmoteur.a(PWM_all.o)
 .text.PWM_all_ReadControlRegister
                0x00000000        0xc .\CortexM3\ARM_GCC_541\Debug\PWMmoteur.a(PWM_all.o)
 .text.PWM_all_WriteControlRegister
                0x00000000        0xc .\CortexM3\ARM_GCC_541\Debug\PWMmoteur.a(PWM_all.o)
 .text.PWM_all_ReadCompare1
                0x00000000        0xc .\CortexM3\ARM_GCC_541\Debug\PWMmoteur.a(PWM_all.o)
 .text.PWM_all_ReadCompare2
                0x00000000        0xc .\CortexM3\ARM_GCC_541\Debug\PWMmoteur.a(PWM_all.o)
 .text.PWM_all_ReadPeriod
                0x00000000        0xc .\CortexM3\ARM_GCC_541\Debug\PWMmoteur.a(PWM_all.o)
 .text          0x00000000        0x0 .\CortexM3\ARM_GCC_541\Debug\PWMmoteur.a(ADC_Pot.o)
 .data          0x00000000        0x0 .\CortexM3\ARM_GCC_541\Debug\PWMmoteur.a(ADC_Pot.o)
 .text.ADC_Pot_Stop
                0x00000000       0x48 .\CortexM3\ARM_GCC_541\Debug\PWMmoteur.a(ADC_Pot.o)
 .text.ADC_Pot_SetPower
                0x00000000       0x18 .\CortexM3\ARM_GCC_541\Debug\PWMmoteur.a(ADC_Pot.o)
 .text.ADC_Pot_StopConvert
                0x00000000       0x10 .\CortexM3\ARM_GCC_541\Debug\PWMmoteur.a(ADC_Pot.o)
 .text.ADC_Pot_IsEndConversion
                0x00000000       0x24 .\CortexM3\ARM_GCC_541\Debug\PWMmoteur.a(ADC_Pot.o)
 .text.ADC_Pot_GetResult8
                0x00000000       0x18 .\CortexM3\ARM_GCC_541\Debug\PWMmoteur.a(ADC_Pot.o)
 .text.ADC_Pot_GetResult16
                0x00000000       0x18 .\CortexM3\ARM_GCC_541\Debug\PWMmoteur.a(ADC_Pot.o)
 .text.ADC_Pot_SetOffset
                0x00000000        0xc .\CortexM3\ARM_GCC_541\Debug\PWMmoteur.a(ADC_Pot.o)
 .text.ADC_Pot_SetGain
                0x00000000       0x10 .\CortexM3\ARM_GCC_541\Debug\PWMmoteur.a(ADC_Pot.o)
 .text.ADC_Pot_SetScaledGain
                0x00000000        0xc .\CortexM3\ARM_GCC_541\Debug\PWMmoteur.a(ADC_Pot.o)
 .text.ADC_Pot_CountsTo_mVolts
                0x00000000       0x58 .\CortexM3\ARM_GCC_541\Debug\PWMmoteur.a(ADC_Pot.o)
 .text.ADC_Pot_CountsTo_uVolts
                0x00000000       0x48 .\CortexM3\ARM_GCC_541\Debug\PWMmoteur.a(ADC_Pot.o)
 .text.ADC_Pot_CountsTo_Volts
                0x00000000       0x50 .\CortexM3\ARM_GCC_541\Debug\PWMmoteur.a(ADC_Pot.o)
 .text          0x00000000        0x0 .\CortexM3\ARM_GCC_541\Debug\PWMmoteur.a(ADC_Pot_INT.o)
 .data          0x00000000        0x0 .\CortexM3\ARM_GCC_541\Debug\PWMmoteur.a(ADC_Pot_INT.o)
 .bss           0x00000000        0x0 .\CortexM3\ARM_GCC_541\Debug\PWMmoteur.a(ADC_Pot_INT.o)
 .text          0x00000000        0x0 .\CortexM3\ARM_GCC_541\Debug\PWMmoteur.a(ADC_Pot_theACLK.o)
 .data          0x00000000        0x0 .\CortexM3\ARM_GCC_541\Debug\PWMmoteur.a(ADC_Pot_theACLK.o)
 .bss           0x00000000        0x0 .\CortexM3\ARM_GCC_541\Debug\PWMmoteur.a(ADC_Pot_theACLK.o)
 .text.ADC_Pot_theACLK_Start
                0x00000000       0x1c .\CortexM3\ARM_GCC_541\Debug\PWMmoteur.a(ADC_Pot_theACLK.o)
 .text.ADC_Pot_theACLK_Stop
                0x00000000       0x1c .\CortexM3\ARM_GCC_541\Debug\PWMmoteur.a(ADC_Pot_theACLK.o)
 .text.ADC_Pot_theACLK_StopBlock
                0x00000000       0x6c .\CortexM3\ARM_GCC_541\Debug\PWMmoteur.a(ADC_Pot_theACLK.o)
 .text.ADC_Pot_theACLK_StandbyPower
                0x00000000       0x20 .\CortexM3\ARM_GCC_541\Debug\PWMmoteur.a(ADC_Pot_theACLK.o)
 .text.ADC_Pot_theACLK_GetDividerRegister
                0x00000000        0xc .\CortexM3\ARM_GCC_541\Debug\PWMmoteur.a(ADC_Pot_theACLK.o)
 .text.ADC_Pot_theACLK_ClearModeRegister
                0x00000000       0x18 .\CortexM3\ARM_GCC_541\Debug\PWMmoteur.a(ADC_Pot_theACLK.o)
 .text.ADC_Pot_theACLK_GetModeRegister
                0x00000000       0x10 .\CortexM3\ARM_GCC_541\Debug\PWMmoteur.a(ADC_Pot_theACLK.o)
 .text.ADC_Pot_theACLK_GetSourceRegister
                0x00000000       0x10 .\CortexM3\ARM_GCC_541\Debug\PWMmoteur.a(ADC_Pot_theACLK.o)
 .text.ADC_Pot_theACLK_SetDividerRegister
                0x00000000       0xd8 .\CortexM3\ARM_GCC_541\Debug\PWMmoteur.a(ADC_Pot_theACLK.o)
 .text.ADC_Pot_theACLK_SetSourceRegister
                0x00000000       0x5c .\CortexM3\ARM_GCC_541\Debug\PWMmoteur.a(ADC_Pot_theACLK.o)
 .text.ADC_Pot_theACLK_SetPhaseRegister
                0x00000000       0x10 .\CortexM3\ARM_GCC_541\Debug\PWMmoteur.a(ADC_Pot_theACLK.o)
 .text.ADC_Pot_theACLK_GetPhaseRegister
                0x00000000       0x10 .\CortexM3\ARM_GCC_541\Debug\PWMmoteur.a(ADC_Pot_theACLK.o)
 .text          0x00000000        0x0 .\CortexM3\ARM_GCC_541\Debug\PWMmoteur.a(Wheel_Modes.o)
 .data          0x00000000        0x0 .\CortexM3\ARM_GCC_541\Debug\PWMmoteur.a(Wheel_Modes.o)
 .bss           0x00000000        0x0 .\CortexM3\ARM_GCC_541\Debug\PWMmoteur.a(Wheel_Modes.o)
 .text.Wheel_Modes_Read
                0x00000000        0xc .\CortexM3\ARM_GCC_541\Debug\PWMmoteur.a(Wheel_Modes.o)
 .data          0x00000000        0x0 .\CortexM3\ARM_GCC_541\Debug\PWMmoteur.a(CyBootAsmGnu.o)
 .bss           0x00000000        0x0 .\CortexM3\ARM_GCC_541\Debug\PWMmoteur.a(CyBootAsmGnu.o)
 .text          0x00000000        0x0 .\CortexM3\ARM_GCC_541\Debug\PWMmoteur.a(CyFlash.o)
 .data          0x00000000        0x0 .\CortexM3\ARM_GCC_541\Debug\PWMmoteur.a(CyFlash.o)
 .bss           0x00000000        0x0 .\CortexM3\ARM_GCC_541\Debug\PWMmoteur.a(CyFlash.o)
 .text.CySetTempInt
                0x00000000       0x60 .\CortexM3\ARM_GCC_541\Debug\PWMmoteur.a(CyFlash.o)
 .text.CyFlash_Start
                0x00000000       0x54 .\CortexM3\ARM_GCC_541\Debug\PWMmoteur.a(CyFlash.o)
 .text.CyFlash_Stop
                0x00000000       0x24 .\CortexM3\ARM_GCC_541\Debug\PWMmoteur.a(CyFlash.o)
 .text.CyFlash_EraseRow
                0x00000000       0x78 .\CortexM3\ARM_GCC_541\Debug\PWMmoteur.a(CyFlash.o)
 .text.CyFlashGetSpcAlgorithm
                0x00000000       0x4c .\CortexM3\ARM_GCC_541\Debug\PWMmoteur.a(CyFlash.o)
 .text.CySetTemp
                0x00000000       0x14 .\CortexM3\ARM_GCC_541\Debug\PWMmoteur.a(CyFlash.o)
 .text.CySetFlashEEBuffer
                0x00000000       0x20 .\CortexM3\ARM_GCC_541\Debug\PWMmoteur.a(CyFlash.o)
 .text.CyWriteRowFull
                0x00000000       0xf8 .\CortexM3\ARM_GCC_541\Debug\PWMmoteur.a(CyFlash.o)
 .text.CyWriteRowData
                0x00000000       0x14 .\CortexM3\ARM_GCC_541\Debug\PWMmoteur.a(CyFlash.o)
 .text.CyFlash_SetWaitCycles
                0x00000000       0x7c .\CortexM3\ARM_GCC_541\Debug\PWMmoteur.a(CyFlash.o)
 .text.CyEEPROM_Start
                0x00000000       0x54 .\CortexM3\ARM_GCC_541\Debug\PWMmoteur.a(CyFlash.o)
 .text.CyEEPROM_Stop
                0x00000000       0x24 .\CortexM3\ARM_GCC_541\Debug\PWMmoteur.a(CyFlash.o)
 .text.CyEEPROM_ReadReserve
                0x00000000       0x1c .\CortexM3\ARM_GCC_541\Debug\PWMmoteur.a(CyFlash.o)
 .text.CyEEPROM_ReadRelease
                0x00000000       0x10 .\CortexM3\ARM_GCC_541\Debug\PWMmoteur.a(CyFlash.o)
 COMMON         0x00000000        0x2 .\CortexM3\ARM_GCC_541\Debug\PWMmoteur.a(CyFlash.o)
 .text          0x00000000        0x0 .\CortexM3\ARM_GCC_541\Debug\PWMmoteur.a(CySpc.o)
 .data          0x00000000        0x0 .\CortexM3\ARM_GCC_541\Debug\PWMmoteur.a(CySpc.o)
 .bss           0x00000000        0x8 .\CortexM3\ARM_GCC_541\Debug\PWMmoteur.a(CySpc.o)
 .text.CySpcStart
                0x00000000       0x24 .\CortexM3\ARM_GCC_541\Debug\PWMmoteur.a(CySpc.o)
 .text.CySpcStop
                0x00000000       0x24 .\CortexM3\ARM_GCC_541\Debug\PWMmoteur.a(CySpc.o)
 .text.CySpcReadData
                0x00000000       0x34 .\CortexM3\ARM_GCC_541\Debug\PWMmoteur.a(CySpc.o)
 .text.CySpcLoadMultiByte
                0x00000000       0x78 .\CortexM3\ARM_GCC_541\Debug\PWMmoteur.a(CySpc.o)
 .text.CySpcLoadRow
                0x00000000       0x50 .\CortexM3\ARM_GCC_541\Debug\PWMmoteur.a(CySpc.o)
 .text.CySpcLoadRowFull
                0x00000000       0x80 .\CortexM3\ARM_GCC_541\Debug\PWMmoteur.a(CySpc.o)
 .text.CySpcWriteRow
                0x00000000       0x4c .\CortexM3\ARM_GCC_541\Debug\PWMmoteur.a(CySpc.o)
 .text.CySpcEraseSector
                0x00000000       0x3c .\CortexM3\ARM_GCC_541\Debug\PWMmoteur.a(CySpc.o)
 .text.CySpcEraseRow
                0x00000000       0x4c .\CortexM3\ARM_GCC_541\Debug\PWMmoteur.a(CySpc.o)
 .text.CySpcGetTemp
                0x00000000       0x3c .\CortexM3\ARM_GCC_541\Debug\PWMmoteur.a(CySpc.o)
 .text.CySpcLock
                0x00000000       0x4c .\CortexM3\ARM_GCC_541\Debug\PWMmoteur.a(CySpc.o)
 .text.CySpcUnlock
                0x00000000       0x38 .\CortexM3\ARM_GCC_541\Debug\PWMmoteur.a(CySpc.o)
 .text.CySpcGetAlgorithm
                0x00000000       0x28 .\CortexM3\ARM_GCC_541\Debug\PWMmoteur.a(CySpc.o)
 .text          0x00000000      0x21c c:/program files (x86)/cypress/psoc creator/4.4/psoc creator/import/gnu/arm/5.4.1/bin/../lib/gcc/arm-none-eabi/5.4.1/armv7-m\libgcc.a(_arm_addsubsf3.o)
 .data          0x00000000        0x0 c:/program files (x86)/cypress/psoc creator/4.4/psoc creator/import/gnu/arm/5.4.1/bin/../lib/gcc/arm-none-eabi/5.4.1/armv7-m\libgcc.a(_arm_addsubsf3.o)
 .bss           0x00000000        0x0 c:/program files (x86)/cypress/psoc creator/4.4/psoc creator/import/gnu/arm/5.4.1/bin/../lib/gcc/arm-none-eabi/5.4.1/armv7-m\libgcc.a(_arm_addsubsf3.o)
 .text          0x00000000      0x2a0 c:/program files (x86)/cypress/psoc creator/4.4/psoc creator/import/gnu/arm/5.4.1/bin/../lib/gcc/arm-none-eabi/5.4.1/armv7-m\libgcc.a(_arm_muldivsf3.o)
 .data          0x00000000        0x0 c:/program files (x86)/cypress/psoc creator/4.4/psoc creator/import/gnu/arm/5.4.1/bin/../lib/gcc/arm-none-eabi/5.4.1/armv7-m\libgcc.a(_arm_muldivsf3.o)
 .bss           0x00000000        0x0 c:/program files (x86)/cypress/psoc creator/4.4/psoc creator/import/gnu/arm/5.4.1/bin/../lib/gcc/arm-none-eabi/5.4.1/armv7-m\libgcc.a(_arm_muldivsf3.o)
 .text          0x00000000       0xa0 c:/program files (x86)/cypress/psoc creator/4.4/psoc creator/import/gnu/arm/5.4.1/bin/../lib/gcc/arm-none-eabi/5.4.1/armv7-m\libgcc.a(_aeabi_ldivmod.o)
 .data          0x00000000        0x0 c:/program files (x86)/cypress/psoc creator/4.4/psoc creator/import/gnu/arm/5.4.1/bin/../lib/gcc/arm-none-eabi/5.4.1/armv7-m\libgcc.a(_aeabi_ldivmod.o)
 .bss           0x00000000        0x0 c:/program files (x86)/cypress/psoc creator/4.4/psoc creator/import/gnu/arm/5.4.1/bin/../lib/gcc/arm-none-eabi/5.4.1/armv7-m\libgcc.a(_aeabi_ldivmod.o)
 .text          0x00000000      0x2ec c:/program files (x86)/cypress/psoc creator/4.4/psoc creator/import/gnu/arm/5.4.1/bin/../lib/gcc/arm-none-eabi/5.4.1/armv7-m\libgcc.a(_udivmoddi4.o)
 .data          0x00000000        0x0 c:/program files (x86)/cypress/psoc creator/4.4/psoc creator/import/gnu/arm/5.4.1/bin/../lib/gcc/arm-none-eabi/5.4.1/armv7-m\libgcc.a(_udivmoddi4.o)
 .bss           0x00000000        0x0 c:/program files (x86)/cypress/psoc creator/4.4/psoc creator/import/gnu/arm/5.4.1/bin/../lib/gcc/arm-none-eabi/5.4.1/armv7-m\libgcc.a(_udivmoddi4.o)
 .ARM.extab     0x00000000        0x0 c:/program files (x86)/cypress/psoc creator/4.4/psoc creator/import/gnu/arm/5.4.1/bin/../lib/gcc/arm-none-eabi/5.4.1/armv7-m\libgcc.a(_udivmoddi4.o)
 .ARM.exidx     0x00000000        0x8 c:/program files (x86)/cypress/psoc creator/4.4/psoc creator/import/gnu/arm/5.4.1/bin/../lib/gcc/arm-none-eabi/5.4.1/armv7-m\libgcc.a(_udivmoddi4.o)
 .text          0x00000000        0x4 c:/program files (x86)/cypress/psoc creator/4.4/psoc creator/import/gnu/arm/5.4.1/bin/../lib/gcc/arm-none-eabi/5.4.1/armv7-m\libgcc.a(_dvmd_tls.o)
 .data          0x00000000        0x0 c:/program files (x86)/cypress/psoc creator/4.4/psoc creator/import/gnu/arm/5.4.1/bin/../lib/gcc/arm-none-eabi/5.4.1/armv7-m\libgcc.a(_dvmd_tls.o)
 .bss           0x00000000        0x0 c:/program files (x86)/cypress/psoc creator/4.4/psoc creator/import/gnu/arm/5.4.1/bin/../lib/gcc/arm-none-eabi/5.4.1/armv7-m\libgcc.a(_dvmd_tls.o)
 .text          0x00000000        0x0 c:/program files (x86)/cypress/psoc creator/4.4/psoc creator/import/gnu/arm/5.4.1/bin/../lib/gcc/arm-none-eabi/5.4.1/../../../../arm-none-eabi/lib/armv7-m\libg_nano.a(lib_a-errno.o)
 .data          0x00000000        0x0 c:/program files (x86)/cypress/psoc creator/4.4/psoc creator/import/gnu/arm/5.4.1/bin/../lib/gcc/arm-none-eabi/5.4.1/../../../../arm-none-eabi/lib/armv7-m\libg_nano.a(lib_a-errno.o)
 .bss           0x00000000        0x0 c:/program files (x86)/cypress/psoc creator/4.4/psoc creator/import/gnu/arm/5.4.1/bin/../lib/gcc/arm-none-eabi/5.4.1/../../../../arm-none-eabi/lib/armv7-m\libg_nano.a(lib_a-errno.o)
 .text          0x00000000        0x0 c:/program files (x86)/cypress/psoc creator/4.4/psoc creator/import/gnu/arm/5.4.1/bin/../lib/gcc/arm-none-eabi/5.4.1/../../../../arm-none-eabi/lib/armv7-m\libg_nano.a(lib_a-exit.o)
 .data          0x00000000        0x0 c:/program files (x86)/cypress/psoc creator/4.4/psoc creator/import/gnu/arm/5.4.1/bin/../lib/gcc/arm-none-eabi/5.4.1/../../../../arm-none-eabi/lib/armv7-m\libg_nano.a(lib_a-exit.o)
 .bss           0x00000000        0x0 c:/program files (x86)/cypress/psoc creator/4.4/psoc creator/import/gnu/arm/5.4.1/bin/../lib/gcc/arm-none-eabi/5.4.1/../../../../arm-none-eabi/lib/armv7-m\libg_nano.a(lib_a-exit.o)
 .text.exit     0x00000000       0x28 c:/program files (x86)/cypress/psoc creator/4.4/psoc creator/import/gnu/arm/5.4.1/bin/../lib/gcc/arm-none-eabi/5.4.1/../../../../arm-none-eabi/lib/armv7-m\libg_nano.a(lib_a-exit.o)
 .text          0x00000000        0x0 c:/program files (x86)/cypress/psoc creator/4.4/psoc creator/import/gnu/arm/5.4.1/bin/../lib/gcc/arm-none-eabi/5.4.1/../../../../arm-none-eabi/lib/armv7-m\libg_nano.a(lib_a-impure.o)
 .data          0x00000000        0x0 c:/program files (x86)/cypress/psoc creator/4.4/psoc creator/import/gnu/arm/5.4.1/bin/../lib/gcc/arm-none-eabi/5.4.1/../../../../arm-none-eabi/lib/armv7-m\libg_nano.a(lib_a-impure.o)
 .bss           0x00000000        0x0 c:/program files (x86)/cypress/psoc creator/4.4/psoc creator/import/gnu/arm/5.4.1/bin/../lib/gcc/arm-none-eabi/5.4.1/../../../../arm-none-eabi/lib/armv7-m\libg_nano.a(lib_a-impure.o)
 .rodata._global_impure_ptr
                0x00000000        0x4 c:/program files (x86)/cypress/psoc creator/4.4/psoc creator/import/gnu/arm/5.4.1/bin/../lib/gcc/arm-none-eabi/5.4.1/../../../../arm-none-eabi/lib/armv7-m\libg_nano.a(lib_a-impure.o)
 .text          0x00000000        0x0 c:/program files (x86)/cypress/psoc creator/4.4/psoc creator/import/gnu/arm/5.4.1/bin/../lib/gcc/arm-none-eabi/5.4.1/../../../../arm-none-eabi/lib/armv7-m\libg_nano.a(lib_a-init.o)
 .data          0x00000000        0x0 c:/program files (x86)/cypress/psoc creator/4.4/psoc creator/import/gnu/arm/5.4.1/bin/../lib/gcc/arm-none-eabi/5.4.1/../../../../arm-none-eabi/lib/armv7-m\libg_nano.a(lib_a-init.o)
 .bss           0x00000000        0x0 c:/program files (x86)/cypress/psoc creator/4.4/psoc creator/import/gnu/arm/5.4.1/bin/../lib/gcc/arm-none-eabi/5.4.1/../../../../arm-none-eabi/lib/armv7-m\libg_nano.a(lib_a-init.o)
 .text          0x00000000        0x0 c:/program files (x86)/cypress/psoc creator/4.4/psoc creator/import/gnu/arm/5.4.1/bin/../lib/gcc/arm-none-eabi/5.4.1/../../../../arm-none-eabi/lib/armv7-m\libg_nano.a(lib_a-memcpy-stub.o)
 .data          0x00000000        0x0 c:/program files (x86)/cypress/psoc creator/4.4/psoc creator/import/gnu/arm/5.4.1/bin/../lib/gcc/arm-none-eabi/5.4.1/../../../../arm-none-eabi/lib/armv7-m\libg_nano.a(lib_a-memcpy-stub.o)
 .bss           0x00000000        0x0 c:/program files (x86)/cypress/psoc creator/4.4/psoc creator/import/gnu/arm/5.4.1/bin/../lib/gcc/arm-none-eabi/5.4.1/../../../../arm-none-eabi/lib/armv7-m\libg_nano.a(lib_a-memcpy-stub.o)
 .text          0x00000000        0x0 c:/program files (x86)/cypress/psoc creator/4.4/psoc creator/import/gnu/arm/5.4.1/bin/../lib/gcc/arm-none-eabi/5.4.1/../../../../arm-none-eabi/lib/armv7-m\libg_nano.a(lib_a-memset.o)
 .data          0x00000000        0x0 c:/program files (x86)/cypress/psoc creator/4.4/psoc creator/import/gnu/arm/5.4.1/bin/../lib/gcc/arm-none-eabi/5.4.1/../../../../arm-none-eabi/lib/armv7-m\libg_nano.a(lib_a-memset.o)
 .bss           0x00000000        0x0 c:/program files (x86)/cypress/psoc creator/4.4/psoc creator/import/gnu/arm/5.4.1/bin/../lib/gcc/arm-none-eabi/5.4.1/../../../../arm-none-eabi/lib/armv7-m\libg_nano.a(lib_a-memset.o)
 .text          0x00000000        0x0 c:/program files (x86)/cypress/psoc creator/4.4/psoc creator/import/gnu/arm/5.4.1/bin/../lib/gcc/arm-none-eabi/5.4.1/armv7-m/crtend.o
 .data          0x00000000        0x0 c:/program files (x86)/cypress/psoc creator/4.4/psoc creator/import/gnu/arm/5.4.1/bin/../lib/gcc/arm-none-eabi/5.4.1/armv7-m/crtend.o
 .bss           0x00000000        0x0 c:/program files (x86)/cypress/psoc creator/4.4/psoc creator/import/gnu/arm/5.4.1/bin/../lib/gcc/arm-none-eabi/5.4.1/armv7-m/crtend.o
 .text          0x00000000        0x0 c:/program files (x86)/cypress/psoc creator/4.4/psoc creator/import/gnu/arm/5.4.1/bin/../lib/gcc/arm-none-eabi/5.4.1/armv7-m/crtn.o
 .data          0x00000000        0x0 c:/program files (x86)/cypress/psoc creator/4.4/psoc creator/import/gnu/arm/5.4.1/bin/../lib/gcc/arm-none-eabi/5.4.1/armv7-m/crtn.o
 .bss           0x00000000        0x0 c:/program files (x86)/cypress/psoc creator/4.4/psoc creator/import/gnu/arm/5.4.1/bin/../lib/gcc/arm-none-eabi/5.4.1/armv7-m/crtn.o

Memory Configuration

Name             Origin             Length             Attributes
rom              0x00000000         0x00040000         xr
ram              0x1fff8000         0x00010000         xrw
*default*        0x00000000         0xffffffff

Linker script and memory map

LOAD c:/program files (x86)/cypress/psoc creator/4.4/psoc creator/import/gnu/arm/5.4.1/bin/../lib/gcc/arm-none-eabi/5.4.1/armv7-m/crti.o
LOAD c:/program files (x86)/cypress/psoc creator/4.4/psoc creator/import/gnu/arm/5.4.1/bin/../lib/gcc/arm-none-eabi/5.4.1/armv7-m/crtbegin.o
LOAD c:/program files (x86)/cypress/psoc creator/4.4/psoc creator/import/gnu/arm/5.4.1/bin/../lib/gcc/arm-none-eabi/5.4.1/../../../../arm-none-eabi/lib/armv7-m/crt0.o
START GROUP
LOAD .\CortexM3\ARM_GCC_541\Debug\main.o
LOAD .\CortexM3\ARM_GCC_541\Debug\cyfitter_cfg.o
LOAD .\CortexM3\ARM_GCC_541\Debug\cymetadata.o
LOAD .\CortexM3\ARM_GCC_541\Debug\Cm3Start.o
LOAD .\CortexM3\ARM_GCC_541\Debug\PWMmoteur.a
LOAD C:\Program Files (x86)\Cypress\PSoC Creator\4.4\PSoC Creator\psoc\content\cycomponentlibrary\CyComponentLibrary.cylib\CortexM3\ARM_GCC_541\Debug\CyComponentLibrary.a
END GROUP
START GROUP
LOAD c:/program files (x86)/cypress/psoc creator/4.4/psoc creator/import/gnu/arm/5.4.1/bin/../lib/gcc/arm-none-eabi/5.4.1/armv7-m\libgcc.a
LOAD c:/program files (x86)/cypress/psoc creator/4.4/psoc creator/import/gnu/arm/5.4.1/bin/../lib/gcc/arm-none-eabi/5.4.1/../../../../arm-none-eabi/lib/armv7-m\libg_nano.a
LOAD c:/program files (x86)/cypress/psoc creator/4.4/psoc creator/import/gnu/arm/5.4.1/bin/../lib/gcc/arm-none-eabi/5.4.1/../../../../arm-none-eabi/lib/armv7-m\libc_nano.a
END GROUP
START GROUP
LOAD c:/program files (x86)/cypress/psoc creator/4.4/psoc creator/import/gnu/arm/5.4.1/bin/../lib/gcc/arm-none-eabi/5.4.1/armv7-m\libgcc.a
LOAD c:/program files (x86)/cypress/psoc creator/4.4/psoc creator/import/gnu/arm/5.4.1/bin/../lib/gcc/arm-none-eabi/5.4.1/../../../../arm-none-eabi/lib/armv7-m\libc_nano.a
END GROUP
LOAD c:/program files (x86)/cypress/psoc creator/4.4/psoc creator/import/gnu/arm/5.4.1/bin/../lib/gcc/arm-none-eabi/5.4.1/armv7-m/crtend.o
LOAD c:/program files (x86)/cypress/psoc creator/4.4/psoc creator/import/gnu/arm/5.4.1/bin/../lib/gcc/arm-none-eabi/5.4.1/armv7-m/crtn.o
START GROUP
LOAD c:/program files (x86)/cypress/psoc creator/4.4/psoc creator/import/gnu/arm/5.4.1/bin/../lib/gcc/arm-none-eabi/5.4.1/armv7-m\libgcc.a
LOAD c:/program files (x86)/cypress/psoc creator/4.4/psoc creator/import/gnu/arm/5.4.1/bin/../lib/gcc/arm-none-eabi/5.4.1/../../../../arm-none-eabi/lib/armv7-m\libc.a
LOAD c:/program files (x86)/cypress/psoc creator/4.4/psoc creator/import/gnu/arm/5.4.1/bin/../lib/gcc/arm-none-eabi/5.4.1/../../../../arm-none-eabi/lib/armv7-m\libnosys.a
END GROUP
                0x00000000                CY_APPL_ORIGIN = 0x0
                0x00000100                CY_FLASH_ROW_SIZE = 0x100
                0x00000020                CY_ECC_ROW_SIZE = 0x20
                0x00000000                CY_EE_IN_BTLDR = 0x0
                0x00000000                CY_APPL_LOADABLE = 0x0
                0x00000800                CY_EE_SIZE = 0x800
                0x00000001                CY_APPL_NUM = 0x1
                0x00000001                CY_APPL_MAX = 0x1
                0x00000040                CY_METADATA_SIZE = 0x40
                0x00000000                CY_APPL_LOADABLE = 0x0
                0x00000000                CY_CHECKSUM_EXCLUDE_SIZE = ALIGN (0x0, CY_FLASH_ROW_SIZE)
                [!provide]                PROVIDE (__cy_heap_start, _end)
                0x00000001                PROVIDE (__cy_region_num, ((__cy_regions_end - __cy_regions) / 0x10))
                0x20008000                PROVIDE (__cy_stack, (ORIGIN (ram) + LENGTH (ram)))
                [!provide]                PROVIDE (__cy_heap_end, (__cy_stack - 0x800))

.cybootloader   0x00000000        0x0
 *(.cybootloader)
                0x00000000                appl1_start = CY_APPL_ORIGIN?CY_APPL_ORIGIN:ALIGN (CY_FLASH_ROW_SIZE)
                0x0001ff00                appl2_start = (appl1_start + ALIGN ((((LENGTH (rom) - appl1_start) - (0x2 * CY_FLASH_ROW_SIZE)) / 0x2), CY_FLASH_ROW_SIZE))
                0x00000000                appl_start = (CY_APPL_NUM == 0x1)?appl1_start:appl2_start
                0x00000000                ecc_offset = ((appl_start / CY_FLASH_ROW_SIZE) * CY_ECC_ROW_SIZE)
                0x00000000                ee_offset = (CY_APPL_LOADABLE && ! (CY_EE_IN_BTLDR))?((CY_EE_SIZE / CY_APPL_MAX) * (CY_APPL_NUM - 0x1)):0x0
                0x00000800                ee_size = (CY_APPL_LOADABLE && ! (CY_EE_IN_BTLDR))?(CY_EE_SIZE / CY_APPL_MAX):CY_EE_SIZE
                [!provide]                PROVIDE (CY_ECC_OFFSET, ecc_offset)

.text           0x00000000      0x80e
 CREATE_OBJECT_SYMBOLS
                0x00000000                PROVIDE (__cy_interrupt_vector, RomVectors)
 *(.romvectors)
 .romvectors    0x00000000       0x10 .\CortexM3\ARM_GCC_541\Debug\Cm3Start.o
                0x00000000                RomVectors
                0x00000001                ASSERT ((. != __cy_interrupt_vector), No interrupt vector)
                0x00000001                ASSERT (CY_APPL_ORIGIN?(SIZEOF (.cybootloader) <= CY_APPL_ORIGIN):0x1, Wrong image location)
                0x00000010                PROVIDE (__cy_reset, Reset)
 *(.text.Reset)
 .text.Reset    0x00000010       0x18 .\CortexM3\ARM_GCC_541\Debug\Cm3Start.o
                0x00000010                Reset
                0x00000001                ASSERT ((. != __cy_reset), No reset code)
 *(.dma_init)
                0x00000001                ASSERT ((((appl_start + .) <= 0x10000) || 0x1), DMA Init must be within the first 64k of flash)
 *(.text .text.* .gnu.linkonce.t.*)
 .text          0x00000028       0x5c c:/program files (x86)/cypress/psoc creator/4.4/psoc creator/import/gnu/arm/5.4.1/bin/../lib/gcc/arm-none-eabi/5.4.1/armv7-m/crtbegin.o
 .text.StopWheels
                0x00000084        0xc .\CortexM3\ARM_GCC_541\Debug\main.o
                0x00000084                StopWheels
 .text.Forward  0x00000090       0x1c .\CortexM3\ARM_GCC_541\Debug\main.o
                0x00000090                Forward
 .text.main     0x000000ac       0x1c .\CortexM3\ARM_GCC_541\Debug\main.o
                0x000000ac                main
 .text.CyClockStartupError
                0x000000c8        0x4 .\CortexM3\ARM_GCC_541\Debug\cyfitter_cfg.o
 .text.cfg_write_bytes32
                0x000000cc       0x34 .\CortexM3\ARM_GCC_541\Debug\cyfitter_cfg.o
 .text.CYMEMZERO
                0x00000100        0xc .\CortexM3\ARM_GCC_541\Debug\cyfitter_cfg.o
 .text.AnalogSetDefault
                0x0000010c       0x7c .\CortexM3\ARM_GCC_541\Debug\cyfitter_cfg.o
 .text.CYCONFIGCPY
                0x00000188        0x8 .\CortexM3\ARM_GCC_541\Debug\cyfitter_cfg.o
 .text.ClockSetup
                0x00000190       0xe4 .\CortexM3\ARM_GCC_541\Debug\cyfitter_cfg.o
 .text.cyfitter_cfg
                0x00000274      0x124 .\CortexM3\ARM_GCC_541\Debug\cyfitter_cfg.o
                0x00000274                cyfitter_cfg
 .text.IntDefaultHandler
                0x00000398       0x10 .\CortexM3\ARM_GCC_541\Debug\Cm3Start.o
                0x00000398                IntDefaultHandler
 .text.Start_c  0x000003a8       0x4c .\CortexM3\ARM_GCC_541\Debug\Cm3Start.o
                0x000003a8                Start_c
 .text.initialize_psoc
                0x000003f4       0x68 .\CortexM3\ARM_GCC_541\Debug\Cm3Start.o
                0x000003f4                initialize_psoc
 .text.CyHalt   0x0000045c        0x4 .\CortexM3\ARM_GCC_541\Debug\PWMmoteur.a(CyLib.o)
                0x0000045c                CyHalt
 .text.CyDelayUs
                0x00000460       0x14 .\CortexM3\ARM_GCC_541\Debug\PWMmoteur.a(CyLib.o)
                0x00000460                CyDelayUs
 .text.CyIntSetVector
                0x00000474       0x28 .\CortexM3\ARM_GCC_541\Debug\PWMmoteur.a(CyLib.o)
                0x00000474                CyIntSetVector
 .text.CyIntSetPriority
                0x0000049c       0x30 .\CortexM3\ARM_GCC_541\Debug\PWMmoteur.a(CyLib.o)
                0x0000049c                CyIntSetPriority
 .text.PWM_all_Enable
                0x000004cc       0x10 .\CortexM3\ARM_GCC_541\Debug\PWMmoteur.a(PWM_all.o)
                0x000004cc                PWM_all_Enable
 .text.PWM_all_WriteCounter
                0x000004dc        0xc .\CortexM3\ARM_GCC_541\Debug\PWMmoteur.a(PWM_all.o)
                0x000004dc                PWM_all_WriteCounter
 .text.PWM_all_WritePeriod
                0x000004e8        0xc .\CortexM3\ARM_GCC_541\Debug\PWMmoteur.a(PWM_all.o)
                0x000004e8                PWM_all_WritePeriod
 .text.PWM_all_WriteCompare1
                0x000004f4        0xc .\CortexM3\ARM_GCC_541\Debug\PWMmoteur.a(PWM_all.o)
                0x000004f4                PWM_all_WriteCompare1
 .text.PWM_all_WriteCompare2
                0x00000500        0xc .\CortexM3\ARM_GCC_541\Debug\PWMmoteur.a(PWM_all.o)
                0x00000500                PWM_all_WriteCompare2
 .text.PWM_all_SetInterruptMode
                0x0000050c        0xc .\CortexM3\ARM_GCC_541\Debug\PWMmoteur.a(PWM_all.o)
                0x0000050c                PWM_all_SetInterruptMode
 .text.PWM_all_ReadStatusRegister
                0x00000518        0xc .\CortexM3\ARM_GCC_541\Debug\PWMmoteur.a(PWM_all.o)
                0x00000518                PWM_all_ReadStatusRegister
 .text.PWM_all_ReadCapture
                0x00000524        0xc .\CortexM3\ARM_GCC_541\Debug\PWMmoteur.a(PWM_all.o)
                0x00000524                PWM_all_ReadCapture
 .text.PWM_all_ClearFIFO
                0x00000530       0x14 .\CortexM3\ARM_GCC_541\Debug\PWMmoteur.a(PWM_all.o)
                0x00000530                PWM_all_ClearFIFO
 .text.PWM_all_Init
                0x00000544       0x58 .\CortexM3\ARM_GCC_541\Debug\PWMmoteur.a(PWM_all.o)
                0x00000544                PWM_all_Init
 .text.PWM_all_Start
                0x0000059c       0x1c .\CortexM3\ARM_GCC_541\Debug\PWMmoteur.a(PWM_all.o)
                0x0000059c                PWM_all_Start
 .text.ADC_Pot_CalcGain
                0x000005b8       0x5c .\CortexM3\ARM_GCC_541\Debug\PWMmoteur.a(ADC_Pot.o)
 .text.ADC_Pot_Enable
                0x00000614       0x94 .\CortexM3\ARM_GCC_541\Debug\PWMmoteur.a(ADC_Pot.o)
                0x00000614                ADC_Pot_Enable
 .text.ADC_Pot_SetResolution
                0x000006a8       0x38 .\CortexM3\ARM_GCC_541\Debug\PWMmoteur.a(ADC_Pot.o)
                0x000006a8                ADC_Pot_SetResolution
 .text.ADC_Pot_Init
                0x000006e0       0x3c .\CortexM3\ARM_GCC_541\Debug\PWMmoteur.a(ADC_Pot.o)
                0x000006e0                ADC_Pot_Init
 .text.ADC_Pot_Start
                0x0000071c       0x1c .\CortexM3\ARM_GCC_541\Debug\PWMmoteur.a(ADC_Pot.o)
                0x0000071c                ADC_Pot_Start
 .text.ADC_Pot_StartConvert
                0x00000738       0x10 .\CortexM3\ARM_GCC_541\Debug\PWMmoteur.a(ADC_Pot.o)
                0x00000738                ADC_Pot_StartConvert
 .text.ADC_Pot_ISR
                0x00000748        0x4 .\CortexM3\ARM_GCC_541\Debug\PWMmoteur.a(ADC_Pot_INT.o)
                0x00000748                ADC_Pot_ISR
 .text.ADC_Pot_theACLK_SetModeRegister
                0x0000074c       0x14 .\CortexM3\ARM_GCC_541\Debug\PWMmoteur.a(ADC_Pot_theACLK.o)
                0x0000074c                ADC_Pot_theACLK_SetModeRegister
 .text.Wheel_Modes_Write
                0x00000760        0xc .\CortexM3\ARM_GCC_541\Debug\PWMmoteur.a(Wheel_Modes.o)
                0x00000760                Wheel_Modes_Write
 *fill*         0x0000076c        0x4 
 .text          0x00000770       0x20 .\CortexM3\ARM_GCC_541\Debug\PWMmoteur.a(CyBootAsmGnu.o)
                0x00000770                CyDelayCycles
                0x00000780                CyEnterCriticalSection
                0x00000788                CyExitCriticalSection
 .text.__errno  0x00000790        0xc c:/program files (x86)/cypress/psoc creator/4.4/psoc creator/import/gnu/arm/5.4.1/bin/../lib/gcc/arm-none-eabi/5.4.1/../../../../arm-none-eabi/lib/armv7-m\libg_nano.a(lib_a-errno.o)
                0x00000790                __errno
 .text.__libc_init_array
                0x0000079c       0x4c c:/program files (x86)/cypress/psoc creator/4.4/psoc creator/import/gnu/arm/5.4.1/bin/../lib/gcc/arm-none-eabi/5.4.1/../../../../arm-none-eabi/lib/armv7-m\libg_nano.a(lib_a-init.o)
                0x0000079c                __libc_init_array
 .text.memcpy   0x000007e8       0x16 c:/program files (x86)/cypress/psoc creator/4.4/psoc creator/import/gnu/arm/5.4.1/bin/../lib/gcc/arm-none-eabi/5.4.1/../../../../arm-none-eabi/lib/armv7-m\libg_nano.a(lib_a-memcpy-stub.o)
                0x000007e8                memcpy
 .text.memset   0x000007fe       0x10 c:/program files (x86)/cypress/psoc creator/4.4/psoc creator/import/gnu/arm/5.4.1/bin/../lib/gcc/arm-none-eabi/5.4.1/../../../../arm-none-eabi/lib/armv7-m\libg_nano.a(lib_a-memset.o)
                0x000007fe                memset
 *(.plt)
 *(.gnu.warning)
 *(.glue_7t)
 .glue_7t       0x0000080e        0x0 linker stubs
 *(.glue_7)
 .glue_7        0x0000080e        0x0 linker stubs
 *(.vfp11_veneer)
 .vfp11_veneer  0x0000080e        0x0 linker stubs
 *(.bootloader)
 *(.ARM.extab* .gnu.linkonce.armextab.*)
 *(.gcc_except_table)

.v4_bx          0x00000810        0x0
 .v4_bx         0x00000810        0x0 linker stubs

.iplt           0x00000810        0x0
 .iplt          0x00000810        0x0 c:/program files (x86)/cypress/psoc creator/4.4/psoc creator/import/gnu/arm/5.4.1/bin/../lib/gcc/arm-none-eabi/5.4.1/armv7-m/crtbegin.o

.eh_frame_hdr
 *(.eh_frame_hdr)

.eh_frame       0x00000810        0x4
 *(.eh_frame)
 .eh_frame      0x00000810        0x0 c:/program files (x86)/cypress/psoc creator/4.4/psoc creator/import/gnu/arm/5.4.1/bin/../lib/gcc/arm-none-eabi/5.4.1/armv7-m/crtbegin.o
 .eh_frame      0x00000810        0x4 c:/program files (x86)/cypress/psoc creator/4.4/psoc creator/import/gnu/arm/5.4.1/bin/../lib/gcc/arm-none-eabi/5.4.1/armv7-m/crtend.o
                [!provide]                PROVIDE (__exidx_start, .)

.ARM.exidx
 *(.ARM.exidx* .gnu.linkonce.armexidx.*)
                0x00000814                __exidx_end = .

.rodata         0x00000814       0x6c
 *(.rodata .rodata.* .gnu.linkonce.r.*)
 .rodata        0x00000814       0x30 .\CortexM3\ARM_GCC_541\Debug\cyfitter_cfg.o
 .rodata.str1.1
                0x00000844        0x2 c:/program files (x86)/cypress/psoc creator/4.4/psoc creator/import/gnu/arm/5.4.1/bin/../lib/gcc/arm-none-eabi/5.4.1/../../../../arm-none-eabi/lib/armv7-m\libg_nano.a(lib_a-impure.o)
                0x00000848                . = ALIGN (0x4)
 *fill*         0x00000846        0x2 
 *(.init)
 .init          0x00000848        0x4 c:/program files (x86)/cypress/psoc creator/4.4/psoc creator/import/gnu/arm/5.4.1/bin/../lib/gcc/arm-none-eabi/5.4.1/armv7-m/crti.o
                0x00000848                _init
 .init          0x0000084c        0x8 c:/program files (x86)/cypress/psoc creator/4.4/psoc creator/import/gnu/arm/5.4.1/bin/../lib/gcc/arm-none-eabi/5.4.1/armv7-m/crtn.o
                0x00000854                . = ALIGN (0x4)
                0x00000854                __preinit_array_start = .
 *(.preinit_array)
                0x00000854                __preinit_array_end = .
                0x00000854                . = ALIGN (0x4)
                0x00000854                __init_array_start = .
 *(SORT(.init_array.*))
 *(.init_array)
 .init_array    0x00000854        0x4 c:/program files (x86)/cypress/psoc creator/4.4/psoc creator/import/gnu/arm/5.4.1/bin/../lib/gcc/arm-none-eabi/5.4.1/armv7-m/crtbegin.o
 .init_array    0x00000858        0x4 .\CortexM3\ARM_GCC_541\Debug\Cm3Start.o
                0x0000085c                __init_array_end = .
                0x0000085c                . = ALIGN (0x4)
 *(.fini)
 .fini          0x0000085c        0x4 c:/program files (x86)/cypress/psoc creator/4.4/psoc creator/import/gnu/arm/5.4.1/bin/../lib/gcc/arm-none-eabi/5.4.1/armv7-m/crti.o
                0x0000085c                _fini
 .fini          0x00000860        0x8 c:/program files (x86)/cypress/psoc creator/4.4/psoc creator/import/gnu/arm/5.4.1/bin/../lib/gcc/arm-none-eabi/5.4.1/armv7-m/crtn.o
                0x00000868                . = ALIGN (0x4)
                0x00000868                __fini_array_start = .
 *(.fini_array)
 .fini_array    0x00000868        0x4 c:/program files (x86)/cypress/psoc creator/4.4/psoc creator/import/gnu/arm/5.4.1/bin/../lib/gcc/arm-none-eabi/5.4.1/armv7-m/crtbegin.o
 *(SORT(.fini_array.*))
                0x0000086c                __fini_array_end = .
                0x0000086c                . = ALIGN (0x4)
 *crtbegin.o(.ctors)
 *(EXCLUDE_FILE(*crtend.o) .ctors)
 *(SORT(.ctors.*))
 *crtend.o(.ctors)
                0x0000086c                . = ALIGN (0x4)
 *crtbegin.o(.dtors)
 *(EXCLUDE_FILE(*crtend.o) .dtors)
 *(SORT(.dtors.*))
 *crtend.o(.dtors)
                0x0000086c                . = ALIGN (0x4)
                0x0000086c                __cy_regions = .
                0x0000086c        0x4 LONG 0x880 __cy_region_init_ram
                0x00000870        0x4 LONG 0x1fff80c8 __cy_region_start_data
                0x00000874        0x4 LONG 0x78 __cy_region_init_size_ram
                0x00000878        0x4 LONG 0x30 __cy_region_zero_size_ram
                0x0000087c                __cy_regions_end = .
                0x00000880                . = ALIGN (0x8)
 *fill*         0x0000087c        0x4 
                0x00000880                _etext = .

.cy_checksum_exclude
                0x00000880        0x0
 *(.cy_checksum_exclude)

.ramvectors     0x1fff8000       0xc0
                0x1fff8000                __cy_region_start_ram = .
 *(.ramvectors)
 .ramvectors    0x1fff8000       0xc0 .\CortexM3\ARM_GCC_541\Debug\Cm3Start.o
                0x1fff8000                CyRamVectors

.noinit         0x1fff80c0        0x1
 *(.noinit)
 .noinit        0x1fff80c0        0x1 .\CortexM3\ARM_GCC_541\Debug\PWMmoteur.a(CyLib.o)
                0x1fff80c0                CyResetStatus

.data           0x1fff80c8       0x78 load address 0x00000880
                0x1fff80c8                __cy_region_start_data = .
 *(.jcr)
 .jcr           0x1fff80c8        0x0 c:/program files (x86)/cypress/psoc creator/4.4/psoc creator/import/gnu/arm/5.4.1/bin/../lib/gcc/arm-none-eabi/5.4.1/armv7-m/crtbegin.o
 .jcr           0x1fff80c8        0x4 c:/program files (x86)/cypress/psoc creator/4.4/psoc creator/import/gnu/arm/5.4.1/bin/../lib/gcc/arm-none-eabi/5.4.1/armv7-m/crtend.o
 *(.got.plt)
 *(.got)
 *(.shdata)
 *(.data .data.* .gnu.linkonce.d.*)
 .data          0x1fff80cc       0x10 .\CortexM3\ARM_GCC_541\Debug\PWMmoteur.a(CyLib.o)
                0x1fff80cc                cydelay_32k_ms
                0x1fff80d0                cydelay_freq_khz
                0x1fff80d4                cydelay_freq_mhz
                0x1fff80d8                cydelay_freq_hz
 .data.impure_data
                0x1fff80dc       0x60 c:/program files (x86)/cypress/psoc creator/4.4/psoc creator/import/gnu/arm/5.4.1/bin/../lib/gcc/arm-none-eabi/5.4.1/../../../../arm-none-eabi/lib/armv7-m\libg_nano.a(lib_a-impure.o)
 .data._impure_ptr
                0x1fff813c        0x4 c:/program files (x86)/cypress/psoc creator/4.4/psoc creator/import/gnu/arm/5.4.1/bin/../lib/gcc/arm-none-eabi/5.4.1/../../../../arm-none-eabi/lib/armv7-m\libg_nano.a(lib_a-impure.o)
                0x1fff813c                _impure_ptr
                0x1fff8140                . = ALIGN (0x8)
 *(.ram)
                0x1fff8140                _edata = .

.igot.plt       0x1fff8140        0x0 load address 0x000008f8
 .igot.plt      0x1fff8140        0x0 c:/program files (x86)/cypress/psoc creator/4.4/psoc creator/import/gnu/arm/5.4.1/bin/../lib/gcc/arm-none-eabi/5.4.1/armv7-m/crtbegin.o

.bss            0x1fff8140       0x30 load address 0x000008f8
                0x1fff8140                PROVIDE (__bss_start__, .)
 *(.shbss)
 *(.bss .bss.* .gnu.linkonce.b.*)
 .bss           0x1fff8140       0x1c c:/program files (x86)/cypress/psoc creator/4.4/psoc creator/import/gnu/arm/5.4.1/bin/../lib/gcc/arm-none-eabi/5.4.1/armv7-m/crtbegin.o
 .bss           0x1fff815c        0x1 .\CortexM3\ARM_GCC_541\Debug\PWMmoteur.a(PWM_all.o)
                0x1fff815c                PWM_all_initVar
 .bss           0x1fff815d        0x1 .\CortexM3\ARM_GCC_541\Debug\PWMmoteur.a(ADC_Pot.o)
                0x1fff815d                ADC_Pot_initVar
 *(COMMON)
 *fill*         0x1fff815e        0x2 
 COMMON         0x1fff8160        0xa .\CortexM3\ARM_GCC_541\Debug\PWMmoteur.a(ADC_Pot.o)
                0x1fff8160                ADC_Pot_countsPerVolt
                0x1fff8162                ADC_Pot_offset
                0x1fff8164                ADC_Pot_countsPer10Volt
                0x1fff8168                ADC_Pot_shift
                0x1fff8170                . = ALIGN (0x8)
 *fill*         0x1fff816a        0x6 
 *(.ram.b)
                0x1fff8170                _end = .
                0x1fff8170                __end = .
                0x1fff8170                PROVIDE (end, .)
                0x1fff8170                PROVIDE (__bss_end__, .)
                0x00000880                __cy_region_init_ram = LOADADDR (.data)
                0x00000078                __cy_region_init_size_ram = (_edata - ADDR (.data))
                0x00000030                __cy_region_zero_size_ram = (_end - _edata)

.heap           0x1fff8170       0x80 load address 0x000008f8
                0x1fff8170                . = _end
                0x1fff81f0                . = (. + 0x80)
 *fill*         0x1fff8170       0x80 
                0x1fff81f0                __cy_heap_limit = .

.stack          0x20007800      0x800
                0x20007800                __cy_stack_limit = .
                0x20008000                . = (. + 0x800)
 *fill*         0x20007800      0x800 
                0x00000001                ASSERT ((__cy_stack_limit >= __cy_heap_limit), region RAM overflowed with stack)
                0x00000000                cy_checksum_exclude_size = (CY_APPL_LOADABLE == 0x1)?SIZEOF (.cy_checksum_exclude):0x0
                0x00000001                ASSERT ((cy_checksum_exclude_size <= CY_CHECKSUM_EXCLUDE_SIZE), CY_BOOT: Section .cy_checksum_exclude size exceedes specified limit.)

.cyloadermeta
 *(.cyloadermeta)

.cyloadablemeta
 *(.cyloadablemeta)

.cyconfigecc    0x80000000      0x214
 *(.cyconfigecc)
 .cyconfigecc   0x80000000      0x214 .\CortexM3\ARM_GCC_541\Debug\cymetadata.o
                0x80000000                cy_meta_configecc

.cycustnvl      0x90000000        0x4
 *(.cycustnvl)
 .cycustnvl     0x90000000        0x4 .\CortexM3\ARM_GCC_541\Debug\cymetadata.o
                0x90000000                cy_meta_custnvl

.cywolatch      0x90100000        0x4
 *(.cywolatch)
 .cywolatch     0x90100000        0x4 .\CortexM3\ARM_GCC_541\Debug\cymetadata.o
                0x90100000                cy_meta_wonvl

.cyeeprom       0x90200000        0x0
 *(.cyeeprom)
                0x00000001                ASSERT ((. <= ((0x90200000 + ee_offset) + ee_size)), .cyeeprom data will not fit in EEPROM)

.cyflashprotect
                0x90400000      0x100
 *(.cyflashprotect)
 .cyflashprotect
                0x90400000      0x100 .\CortexM3\ARM_GCC_541\Debug\cymetadata.o
                0x90400000                cy_meta_flashprotect

.cymeta         0x90500000        0xc
 *(.cymeta)
 .cymeta        0x90500000        0xc .\CortexM3\ARM_GCC_541\Debug\cymetadata.o
                0x90500000                cy_metadata

.rel.dyn        0x000008f8        0x0 load address 0x9050000c
 .rel.iplt      0x000008f8        0x0 c:/program files (x86)/cypress/psoc creator/4.4/psoc creator/import/gnu/arm/5.4.1/bin/../lib/gcc/arm-none-eabi/5.4.1/armv7-m/crtbegin.o

.stab
 *(.stab)

.stabstr
 *(.stabstr)

.debug
 *(.debug)

.line
 *(.line)

.debug_srcinfo
 *(.debug_srcinfo)

.debug_sfnames
 *(.debug_sfnames)

.debug_aranges  0x00000000      0x798
 *(.debug_aranges)
 .debug_aranges
                0x00000000       0x68 .\CortexM3\ARM_GCC_541\Debug\main.o
 .debug_aranges
                0x00000068       0x58 .\CortexM3\ARM_GCC_541\Debug\cyfitter_cfg.o
 .debug_aranges
                0x000000c0       0x18 .\CortexM3\ARM_GCC_541\Debug\cymetadata.o
 .debug_aranges
                0x000000d8       0x48 .\CortexM3\ARM_GCC_541\Debug\Cm3Start.o
 .debug_aranges
                0x00000120      0x2a0 .\CortexM3\ARM_GCC_541\Debug\PWMmoteur.a(CyLib.o)
 .debug_aranges
                0x000003c0       0x98 .\CortexM3\ARM_GCC_541\Debug\PWMmoteur.a(cyPm.o)
 .debug_aranges
                0x00000458       0xa8 .\CortexM3\ARM_GCC_541\Debug\PWMmoteur.a(PWM_all.o)
 .debug_aranges
                0x00000500       0xa8 .\CortexM3\ARM_GCC_541\Debug\PWMmoteur.a(ADC_Pot.o)
 .debug_aranges
                0x000005a8       0x20 .\CortexM3\ARM_GCC_541\Debug\PWMmoteur.a(ADC_Pot_INT.o)
 .debug_aranges
                0x000005c8       0x80 .\CortexM3\ARM_GCC_541\Debug\PWMmoteur.a(ADC_Pot_theACLK.o)
 .debug_aranges
                0x00000648       0x28 .\CortexM3\ARM_GCC_541\Debug\PWMmoteur.a(Wheel_Modes.o)
 .debug_aranges
                0x00000670       0x20 .\CortexM3\ARM_GCC_541\Debug\PWMmoteur.a(CyBootAsmGnu.o)
 .debug_aranges
                0x00000690       0x88 .\CortexM3\ARM_GCC_541\Debug\PWMmoteur.a(CyFlash.o)
 .debug_aranges
                0x00000718       0x80 .\CortexM3\ARM_GCC_541\Debug\PWMmoteur.a(CySpc.o)

.debug_pubnames
 *(.debug_pubnames)

.debug_info     0x00000000     0x4667
 *(.debug_info .gnu.linkonce.wi.*)
 .debug_info    0x00000000      0x4bd .\CortexM3\ARM_GCC_541\Debug\main.o
 .debug_info    0x000004bd      0x597 .\CortexM3\ARM_GCC_541\Debug\cyfitter_cfg.o
 .debug_info    0x00000a54      0x135 .\CortexM3\ARM_GCC_541\Debug\cymetadata.o
 .debug_info    0x00000b89      0x3bb .\CortexM3\ARM_GCC_541\Debug\Cm3Start.o
 .debug_info    0x00000f44     0x1374 .\CortexM3\ARM_GCC_541\Debug\PWMmoteur.a(CyLib.o)
 .debug_info    0x000022b8      0xa2a .\CortexM3\ARM_GCC_541\Debug\PWMmoteur.a(cyPm.o)
 .debug_info    0x00002ce2      0x383 .\CortexM3\ARM_GCC_541\Debug\PWMmoteur.a(PWM_all.o)
 .debug_info    0x00003065      0x5c0 .\CortexM3\ARM_GCC_541\Debug\PWMmoteur.a(ADC_Pot.o)
 .debug_info    0x00003625       0x92 .\CortexM3\ARM_GCC_541\Debug\PWMmoteur.a(ADC_Pot_INT.o)
 .debug_info    0x000036b7      0x2c4 .\CortexM3\ARM_GCC_541\Debug\PWMmoteur.a(ADC_Pot_theACLK.o)
 .debug_info    0x0000397b       0xd6 .\CortexM3\ARM_GCC_541\Debug\PWMmoteur.a(Wheel_Modes.o)
 .debug_info    0x00003a51       0x79 .\CortexM3\ARM_GCC_541\Debug\PWMmoteur.a(CyBootAsmGnu.o)
 .debug_info    0x00003aca      0x64d .\CortexM3\ARM_GCC_541\Debug\PWMmoteur.a(CyFlash.o)
 .debug_info    0x00004117      0x550 .\CortexM3\ARM_GCC_541\Debug\PWMmoteur.a(CySpc.o)

.debug_abbrev   0x00000000     0x1179
 *(.debug_abbrev)
 .debug_abbrev  0x00000000      0x11c .\CortexM3\ARM_GCC_541\Debug\main.o
 .debug_abbrev  0x0000011c      0x1fe .\CortexM3\ARM_GCC_541\Debug\cyfitter_cfg.o
 .debug_abbrev  0x0000031a       0x66 .\CortexM3\ARM_GCC_541\Debug\cymetadata.o
 .debug_abbrev  0x00000380      0x1e8 .\CortexM3\ARM_GCC_541\Debug\Cm3Start.o
 .debug_abbrev  0x00000568      0x254 .\CortexM3\ARM_GCC_541\Debug\PWMmoteur.a(CyLib.o)
 .debug_abbrev  0x000007bc      0x1ab .\CortexM3\ARM_GCC_541\Debug\PWMmoteur.a(cyPm.o)
 .debug_abbrev  0x00000967      0x133 .\CortexM3\ARM_GCC_541\Debug\PWMmoteur.a(PWM_all.o)
 .debug_abbrev  0x00000a9a      0x1ac .\CortexM3\ARM_GCC_541\Debug\PWMmoteur.a(ADC_Pot.o)
 .debug_abbrev  0x00000c46       0x42 .\CortexM3\ARM_GCC_541\Debug\PWMmoteur.a(ADC_Pot_INT.o)
 .debug_abbrev  0x00000c88      0x121 .\CortexM3\ARM_GCC_541\Debug\PWMmoteur.a(ADC_Pot_theACLK.o)
 .debug_abbrev  0x00000da9       0x81 .\CortexM3\ARM_GCC_541\Debug\PWMmoteur.a(Wheel_Modes.o)
 .debug_abbrev  0x00000e2a       0x14 .\CortexM3\ARM_GCC_541\Debug\PWMmoteur.a(CyBootAsmGnu.o)
 .debug_abbrev  0x00000e3e      0x1a7 .\CortexM3\ARM_GCC_541\Debug\PWMmoteur.a(CyFlash.o)
 .debug_abbrev  0x00000fe5      0x194 .\CortexM3\ARM_GCC_541\Debug\PWMmoteur.a(CySpc.o)

.debug_line     0x00000000     0x1e26
 *(.debug_line)
 .debug_line    0x00000000      0x23c .\CortexM3\ARM_GCC_541\Debug\main.o
 .debug_line    0x0000023c      0x1eb .\CortexM3\ARM_GCC_541\Debug\cyfitter_cfg.o
 .debug_line    0x00000427      0x141 .\CortexM3\ARM_GCC_541\Debug\cymetadata.o
 .debug_line    0x00000568      0x234 .\CortexM3\ARM_GCC_541\Debug\Cm3Start.o
 .debug_line    0x0000079c      0x816 .\CortexM3\ARM_GCC_541\Debug\PWMmoteur.a(CyLib.o)
 .debug_line    0x00000fb2      0x367 .\CortexM3\ARM_GCC_541\Debug\PWMmoteur.a(cyPm.o)
 .debug_line    0x00001319      0x1ab .\CortexM3\ARM_GCC_541\Debug\PWMmoteur.a(PWM_all.o)
 .debug_line    0x000014c4      0x21a .\CortexM3\ARM_GCC_541\Debug\PWMmoteur.a(ADC_Pot.o)
 .debug_line    0x000016de       0x54 .\CortexM3\ARM_GCC_541\Debug\PWMmoteur.a(ADC_Pot_INT.o)
 .debug_line    0x00001732      0x1a1 .\CortexM3\ARM_GCC_541\Debug\PWMmoteur.a(ADC_Pot_theACLK.o)
 .debug_line    0x000018d3       0x73 .\CortexM3\ARM_GCC_541\Debug\PWMmoteur.a(Wheel_Modes.o)
 .debug_line    0x00001946       0x66 .\CortexM3\ARM_GCC_541\Debug\PWMmoteur.a(CyBootAsmGnu.o)
 .debug_line    0x000019ac      0x21a .\CortexM3\ARM_GCC_541\Debug\PWMmoteur.a(CyFlash.o)
 .debug_line    0x00001bc6      0x260 .\CortexM3\ARM_GCC_541\Debug\PWMmoteur.a(CySpc.o)

.debug_frame    0x00000000     0x14b4
 *(.debug_frame)
 .debug_frame   0x00000000      0x130 .\CortexM3\ARM_GCC_541\Debug\main.o
 .debug_frame   0x00000130       0xfc .\CortexM3\ARM_GCC_541\Debug\cyfitter_cfg.o
 .debug_frame   0x0000022c       0xb8 .\CortexM3\ARM_GCC_541\Debug\Cm3Start.o
 .debug_frame   0x000002e4      0x738 .\CortexM3\ARM_GCC_541\Debug\PWMmoteur.a(CyLib.o)
 .debug_frame   0x00000a1c      0x1f8 .\CortexM3\ARM_GCC_541\Debug\PWMmoteur.a(cyPm.o)
 .debug_frame   0x00000c14      0x154 .\CortexM3\ARM_GCC_541\Debug\PWMmoteur.a(PWM_all.o)
 .debug_frame   0x00000d68      0x1b0 .\CortexM3\ARM_GCC_541\Debug\PWMmoteur.a(ADC_Pot.o)
 .debug_frame   0x00000f18       0x20 .\CortexM3\ARM_GCC_541\Debug\PWMmoteur.a(ADC_Pot_INT.o)
 .debug_frame   0x00000f38      0x100 .\CortexM3\ARM_GCC_541\Debug\PWMmoteur.a(ADC_Pot_theACLK.o)
 .debug_frame   0x00001038       0x30 .\CortexM3\ARM_GCC_541\Debug\PWMmoteur.a(Wheel_Modes.o)
 .debug_frame   0x00001068      0x194 .\CortexM3\ARM_GCC_541\Debug\PWMmoteur.a(CyFlash.o)
 .debug_frame   0x000011fc      0x180 .\CortexM3\ARM_GCC_541\Debug\PWMmoteur.a(CySpc.o)
 .debug_frame   0x0000137c       0x44 c:/program files (x86)/cypress/psoc creator/4.4/psoc creator/import/gnu/arm/5.4.1/bin/../lib/gcc/arm-none-eabi/5.4.1/armv7-m\libgcc.a(_aeabi_ldivmod.o)
 .debug_frame   0x000013c0       0x38 c:/program files (x86)/cypress/psoc creator/4.4/psoc creator/import/gnu/arm/5.4.1/bin/../lib/gcc/arm-none-eabi/5.4.1/armv7-m\libgcc.a(_udivmoddi4.o)
 .debug_frame   0x000013f8       0x20 c:/program files (x86)/cypress/psoc creator/4.4/psoc creator/import/gnu/arm/5.4.1/bin/../lib/gcc/arm-none-eabi/5.4.1/../../../../arm-none-eabi/lib/armv7-m\libg_nano.a(lib_a-errno.o)
 .debug_frame   0x00001418       0x28 c:/program files (x86)/cypress/psoc creator/4.4/psoc creator/import/gnu/arm/5.4.1/bin/../lib/gcc/arm-none-eabi/5.4.1/../../../../arm-none-eabi/lib/armv7-m\libg_nano.a(lib_a-exit.o)
 .debug_frame   0x00001440       0x2c c:/program files (x86)/cypress/psoc creator/4.4/psoc creator/import/gnu/arm/5.4.1/bin/../lib/gcc/arm-none-eabi/5.4.1/../../../../arm-none-eabi/lib/armv7-m\libg_nano.a(lib_a-init.o)
 .debug_frame   0x0000146c       0x28 c:/program files (x86)/cypress/psoc creator/4.4/psoc creator/import/gnu/arm/5.4.1/bin/../lib/gcc/arm-none-eabi/5.4.1/../../../../arm-none-eabi/lib/armv7-m\libg_nano.a(lib_a-memcpy-stub.o)
 .debug_frame   0x00001494       0x20 c:/program files (x86)/cypress/psoc creator/4.4/psoc creator/import/gnu/arm/5.4.1/bin/../lib/gcc/arm-none-eabi/5.4.1/../../../../arm-none-eabi/lib/armv7-m\libg_nano.a(lib_a-memset.o)

.debug_str      0x00000000     0x19c9
 *(.debug_str)
 .debug_str     0x00000000      0x23d .\CortexM3\ARM_GCC_541\Debug\main.o
                                0x285 (size before relaxing)
 .debug_str     0x0000023d      0x18a .\CortexM3\ARM_GCC_541\Debug\cyfitter_cfg.o
                                0x302 (size before relaxing)
 .debug_str     0x000003c7       0x7f .\CortexM3\ARM_GCC_541\Debug\cymetadata.o
                                0x1cd (size before relaxing)
 .debug_str     0x00000446      0x144 .\CortexM3\ARM_GCC_541\Debug\Cm3Start.o
                                0x2f3 (size before relaxing)
 .debug_str     0x0000058a      0x83b .\CortexM3\ARM_GCC_541\Debug\PWMmoteur.a(CyLib.o)
                                0xa30 (size before relaxing)
 .debug_str     0x00000dc5      0x365 .\CortexM3\ARM_GCC_541\Debug\PWMmoteur.a(cyPm.o)
                                0x71c (size before relaxing)
 .debug_str     0x0000112a      0x1b7 .\CortexM3\ARM_GCC_541\Debug\PWMmoteur.a(PWM_all.o)
                                0x38d (size before relaxing)
 .debug_str     0x000012e1      0x22d .\CortexM3\ARM_GCC_541\Debug\PWMmoteur.a(ADC_Pot.o)
                                0x474 (size before relaxing)
 .debug_str     0x0000150e       0x31 .\CortexM3\ARM_GCC_541\Debug\PWMmoteur.a(ADC_Pot_INT.o)
                                0x180 (size before relaxing)
 .debug_str     0x0000153f      0x1ed .\CortexM3\ARM_GCC_541\Debug\PWMmoteur.a(ADC_Pot_theACLK.o)
                                0x382 (size before relaxing)
 .debug_str     0x0000172c       0x36 .\CortexM3\ARM_GCC_541\Debug\PWMmoteur.a(Wheel_Modes.o)
                                0x1aa (size before relaxing)
 .debug_str     0x00001762      0x1bb .\CortexM3\ARM_GCC_541\Debug\PWMmoteur.a(CyFlash.o)
                                0x3a9 (size before relaxing)
 .debug_str     0x0000191d       0xac .\CortexM3\ARM_GCC_541\Debug\PWMmoteur.a(CySpc.o)
                                0x321 (size before relaxing)

.debug_loc      0x00000000     0x2075
 *(.debug_loc)
 .debug_loc     0x00000000      0x280 .\CortexM3\ARM_GCC_541\Debug\main.o
 .debug_loc     0x00000280      0x1fd .\CortexM3\ARM_GCC_541\Debug\cyfitter_cfg.o
 .debug_loc     0x0000047d      0x144 .\CortexM3\ARM_GCC_541\Debug\Cm3Start.o
 .debug_loc     0x000005c1      0xa11 .\CortexM3\ARM_GCC_541\Debug\PWMmoteur.a(CyLib.o)
 .debug_loc     0x00000fd2      0x1e4 .\CortexM3\ARM_GCC_541\Debug\PWMmoteur.a(cyPm.o)
 .debug_loc     0x000011b6       0x26 .\CortexM3\ARM_GCC_541\Debug\PWMmoteur.a(PWM_all.o)
 .debug_loc     0x000011dc      0x295 .\CortexM3\ARM_GCC_541\Debug\PWMmoteur.a(ADC_Pot.o)
 .debug_loc     0x00001471      0x14d .\CortexM3\ARM_GCC_541\Debug\PWMmoteur.a(ADC_Pot_theACLK.o)
 .debug_loc     0x000015be      0x3b2 .\CortexM3\ARM_GCC_541\Debug\PWMmoteur.a(CyFlash.o)
 .debug_loc     0x00001970      0x705 .\CortexM3\ARM_GCC_541\Debug\PWMmoteur.a(CySpc.o)

.debug_macinfo
 *(.debug_macinfo)

.debug_ranges   0x00000000      0x6a0
 *(.debug_ranges)
 .debug_ranges  0x00000000       0x58 .\CortexM3\ARM_GCC_541\Debug\main.o
 .debug_ranges  0x00000058       0x48 .\CortexM3\ARM_GCC_541\Debug\cyfitter_cfg.o
 .debug_ranges  0x000000a0       0x38 .\CortexM3\ARM_GCC_541\Debug\Cm3Start.o
 .debug_ranges  0x000000d8      0x290 .\CortexM3\ARM_GCC_541\Debug\PWMmoteur.a(CyLib.o)
 .debug_ranges  0x00000368       0x88 .\CortexM3\ARM_GCC_541\Debug\PWMmoteur.a(cyPm.o)
 .debug_ranges  0x000003f0       0x98 .\CortexM3\ARM_GCC_541\Debug\PWMmoteur.a(PWM_all.o)
 .debug_ranges  0x00000488       0x98 .\CortexM3\ARM_GCC_541\Debug\PWMmoteur.a(ADC_Pot.o)
 .debug_ranges  0x00000520       0x10 .\CortexM3\ARM_GCC_541\Debug\PWMmoteur.a(ADC_Pot_INT.o)
 .debug_ranges  0x00000530       0x70 .\CortexM3\ARM_GCC_541\Debug\PWMmoteur.a(ADC_Pot_theACLK.o)
 .debug_ranges  0x000005a0       0x18 .\CortexM3\ARM_GCC_541\Debug\PWMmoteur.a(Wheel_Modes.o)
 .debug_ranges  0x000005b8       0x78 .\CortexM3\ARM_GCC_541\Debug\PWMmoteur.a(CyFlash.o)
 .debug_ranges  0x00000630       0x70 .\CortexM3\ARM_GCC_541\Debug\PWMmoteur.a(CySpc.o)

.comment        0x00000000       0x6e
 .comment       0x00000000       0x6e .\CortexM3\ARM_GCC_541\Debug\main.o
                                 0x6f (size before relaxing)
 .comment       0x0000006e       0x6f .\CortexM3\ARM_GCC_541\Debug\cyfitter_cfg.o
 .comment       0x0000006e       0x6f .\CortexM3\ARM_GCC_541\Debug\cymetadata.o
 .comment       0x0000006e       0x6f .\CortexM3\ARM_GCC_541\Debug\Cm3Start.o
 .comment       0x0000006e       0x6f .\CortexM3\ARM_GCC_541\Debug\PWMmoteur.a(CyLib.o)
 .comment       0x0000006e       0x6f .\CortexM3\ARM_GCC_541\Debug\PWMmoteur.a(cyPm.o)
 .comment       0x0000006e       0x6f .\CortexM3\ARM_GCC_541\Debug\PWMmoteur.a(PWM_all.o)
 .comment       0x0000006e       0x6f .\CortexM3\ARM_GCC_541\Debug\PWMmoteur.a(ADC_Pot.o)
 .comment       0x0000006e       0x6f .\CortexM3\ARM_GCC_541\Debug\PWMmoteur.a(ADC_Pot_INT.o)
 .comment       0x0000006e       0x6f .\CortexM3\ARM_GCC_541\Debug\PWMmoteur.a(ADC_Pot_theACLK.o)
 .comment       0x0000006e       0x6f .\CortexM3\ARM_GCC_541\Debug\PWMmoteur.a(Wheel_Modes.o)
 .comment       0x0000006e       0x6f .\CortexM3\ARM_GCC_541\Debug\PWMmoteur.a(CyFlash.o)
 .comment       0x0000006e       0x6f .\CortexM3\ARM_GCC_541\Debug\PWMmoteur.a(CySpc.o)

.debug_weaknames
 *(.debug_weaknames)

.debug_funcnames
 *(.debug_funcnames)

.debug_typenames
 *(.debug_typenames)

.debug_varnames
 *(.debug_varnames)

.note.gnu.arm.ident
 *(.note.gnu.arm.ident)

.ARM.attributes
                0x00000000       0x29
 *(.ARM.attributes)
 .ARM.attributes
                0x00000000       0x1d c:/program files (x86)/cypress/psoc creator/4.4/psoc creator/import/gnu/arm/5.4.1/bin/../lib/gcc/arm-none-eabi/5.4.1/armv7-m/crti.o
 .ARM.attributes
                0x0000001d       0x2d c:/program files (x86)/cypress/psoc creator/4.4/psoc creator/import/gnu/arm/5.4.1/bin/../lib/gcc/arm-none-eabi/5.4.1/armv7-m/crtbegin.o
 .ARM.attributes
                0x0000004a       0x1b c:/program files (x86)/cypress/psoc creator/4.4/psoc creator/import/gnu/arm/5.4.1/bin/../lib/gcc/arm-none-eabi/5.4.1/../../../../arm-none-eabi/lib/armv7-m/crt0.o
 .ARM.attributes
                0x00000065       0x33 .\CortexM3\ARM_GCC_541\Debug\main.o
 .ARM.attributes
                0x00000098       0x33 .\CortexM3\ARM_GCC_541\Debug\cyfitter_cfg.o
 .ARM.attributes
                0x000000cb       0x33 .\CortexM3\ARM_GCC_541\Debug\cymetadata.o
 .ARM.attributes
                0x000000fe       0x33 .\CortexM3\ARM_GCC_541\Debug\Cm3Start.o
 .ARM.attributes
                0x00000131       0x33 .\CortexM3\ARM_GCC_541\Debug\PWMmoteur.a(CyLib.o)
 .ARM.attributes
                0x00000164       0x33 .\CortexM3\ARM_GCC_541\Debug\PWMmoteur.a(cyPm.o)
 .ARM.attributes
                0x00000197       0x33 .\CortexM3\ARM_GCC_541\Debug\PWMmoteur.a(PWM_all.o)
 .ARM.attributes
                0x000001ca       0x33 .\CortexM3\ARM_GCC_541\Debug\PWMmoteur.a(ADC_Pot.o)
 .ARM.attributes
                0x000001fd       0x33 .\CortexM3\ARM_GCC_541\Debug\PWMmoteur.a(ADC_Pot_INT.o)
 .ARM.attributes
                0x00000230       0x33 .\CortexM3\ARM_GCC_541\Debug\PWMmoteur.a(ADC_Pot_theACLK.o)
 .ARM.attributes
                0x00000263       0x33 .\CortexM3\ARM_GCC_541\Debug\PWMmoteur.a(Wheel_Modes.o)
 .ARM.attributes
                0x00000296       0x21 .\CortexM3\ARM_GCC_541\Debug\PWMmoteur.a(CyBootAsmGnu.o)
 .ARM.attributes
                0x000002b7       0x33 .\CortexM3\ARM_GCC_541\Debug\PWMmoteur.a(CyFlash.o)
 .ARM.attributes
                0x000002ea       0x33 .\CortexM3\ARM_GCC_541\Debug\PWMmoteur.a(CySpc.o)
 .ARM.attributes
                0x0000031d       0x1d c:/program files (x86)/cypress/psoc creator/4.4/psoc creator/import/gnu/arm/5.4.1/bin/../lib/gcc/arm-none-eabi/5.4.1/armv7-m\libgcc.a(_arm_addsubsf3.o)
 .ARM.attributes
                0x0000033a       0x1d c:/program files (x86)/cypress/psoc creator/4.4/psoc creator/import/gnu/arm/5.4.1/bin/../lib/gcc/arm-none-eabi/5.4.1/armv7-m\libgcc.a(_arm_muldivsf3.o)
 .ARM.attributes
                0x00000357       0x1d c:/program files (x86)/cypress/psoc creator/4.4/psoc creator/import/gnu/arm/5.4.1/bin/../lib/gcc/arm-none-eabi/5.4.1/armv7-m\libgcc.a(_aeabi_ldivmod.o)
 .ARM.attributes
                0x00000374       0x2d c:/program files (x86)/cypress/psoc creator/4.4/psoc creator/import/gnu/arm/5.4.1/bin/../lib/gcc/arm-none-eabi/5.4.1/armv7-m\libgcc.a(_udivmoddi4.o)
 .ARM.attributes
                0x000003a1       0x1d c:/program files (x86)/cypress/psoc creator/4.4/psoc creator/import/gnu/arm/5.4.1/bin/../lib/gcc/arm-none-eabi/5.4.1/armv7-m\libgcc.a(_dvmd_tls.o)
 .ARM.attributes
                0x000003be       0x2d c:/program files (x86)/cypress/psoc creator/4.4/psoc creator/import/gnu/arm/5.4.1/bin/../lib/gcc/arm-none-eabi/5.4.1/../../../../arm-none-eabi/lib/armv7-m\libg_nano.a(lib_a-errno.o)
 .ARM.attributes
                0x000003eb       0x2d c:/program files (x86)/cypress/psoc creator/4.4/psoc creator/import/gnu/arm/5.4.1/bin/../lib/gcc/arm-none-eabi/5.4.1/../../../../arm-none-eabi/lib/armv7-m\libg_nano.a(lib_a-exit.o)
 .ARM.attributes
                0x00000418       0x2d c:/program files (x86)/cypress/psoc creator/4.4/psoc creator/import/gnu/arm/5.4.1/bin/../lib/gcc/arm-none-eabi/5.4.1/../../../../arm-none-eabi/lib/armv7-m\libg_nano.a(lib_a-impure.o)
 .ARM.attributes
                0x00000445       0x2d c:/program files (x86)/cypress/psoc creator/4.4/psoc creator/import/gnu/arm/5.4.1/bin/../lib/gcc/arm-none-eabi/5.4.1/../../../../arm-none-eabi/lib/armv7-m\libg_nano.a(lib_a-init.o)
 .ARM.attributes
                0x00000472       0x2d c:/program files (x86)/cypress/psoc creator/4.4/psoc creator/import/gnu/arm/5.4.1/bin/../lib/gcc/arm-none-eabi/5.4.1/../../../../arm-none-eabi/lib/armv7-m\libg_nano.a(lib_a-memcpy-stub.o)
 .ARM.attributes
                0x0000049f       0x2d c:/program files (x86)/cypress/psoc creator/4.4/psoc creator/import/gnu/arm/5.4.1/bin/../lib/gcc/arm-none-eabi/5.4.1/../../../../arm-none-eabi/lib/armv7-m\libg_nano.a(lib_a-memset.o)
 .ARM.attributes
                0x000004cc       0x2d c:/program files (x86)/cypress/psoc creator/4.4/psoc creator/import/gnu/arm/5.4.1/bin/../lib/gcc/arm-none-eabi/5.4.1/armv7-m/crtend.o
 .ARM.attributes
                0x000004f9       0x1d c:/program files (x86)/cypress/psoc creator/4.4/psoc creator/import/gnu/arm/5.4.1/bin/../lib/gcc/arm-none-eabi/5.4.1/armv7-m/crtn.o

/DISCARD/
 *(.note.GNU-stack)
OUTPUT(U:\5SEE\PSOC\WorkspacePSOC\PWMmoteur.cydsn\CortexM3\ARM_GCC_541\Debug\PWMmoteur.elf elf32-littlearm)
